 TrafficEye

 Timestamp is 68410404 (Thu Jun  5 10:42:12 2025)

 Preferred load address is 0000000140000000

 Start         Length     Name                   Class
 0001:00000000 00002546H .text                   CODE
 0001:00002550 00000023H .text$_ZN6System7Classes15TComponentClassC1EPNS_10TMetaClassE CODE
 0001:00002580 0000000eH .text$__clang_call_terminate CODE
 0001:00002590 00000023H .text$_ZN6System7Classes15TComponentClassC2EPNS_10TMetaClassE CODE
 0001:000025c0 0000001eH .text$_ZN6System15DelphiMetaClassINS_7Classes15TComponentClassEEC2EPNS_10TMetaClassE CODE
 0001:000025e0 0000030eH .text                   CODE
 0001:000028f0 00000075H .text$_ZN3Vcl5Forms5TFormC3EPN6System7Classes10TComponentE CODE
 0001:00002970 00000030H .text$_ZN6System3SetINS_7Uitypes10TMsgDlgBtnELS2_0ELS2_11EEC1Ev CODE
 0001:000029a0 00000078H .text$_ZN6System3SetINS_7Uitypes10TMsgDlgBtnELS2_0ELS2_11EElsES2_ CODE
 0001:00002a20 0000004cH .text$_ZN9TmainMenuD0Ev CODE
 0001:00002a70 0000007fH .text$_ZN3Vcl5Forms5TFormC3EPN6System7Classes10TComponentEi CODE
 0001:00002af0 00000091H .text$_ZN3Vcl5Forms5TFormC3EPN6System7Classes10TComponentEii CODE
 0001:00002b90 0000004cH .text$_ZN3Vcl5Forms5TFormD0Ev CODE
 0001:00002be0 00000021H .text$_ZN6System3SetINS_7Uitypes10TMsgDlgBtnELS2_0ELS2_11EEC2Ev CODE
 0001:00002c10 000000adH .text                   CODE
 0001:00002cc0 0000004cH .text$_ZN6TForm2D0Ev    CODE
 0001:00002d10 00002ff0H .text                   CODE
 0001:00005d00 00000017H .text$_ZNK6System13UnicodeString7IsEmptyEv CODE
 0001:00005d20 0000004fH .text$_ZN6System13UnicodeStringaSEOS0_ CODE
 0001:00005d70 00000075H .text$_ZN3Vcl7Dialogs11TSaveDialogC3EPN6System7Classes10TComponentE CODE
 0001:00005df0 0000004cH .text$_ZN6TForm3D0Ev    CODE
 0001:00005e40 00003d46H .text                   CODE
 0001:00009b90 000000d2H .text$_ZN6System8Sysutils11ERangeErrorC3ENS_13UnicodeStringE CODE
 0001:00009c70 0000004cH .text$_ZN6System8Sysutils11ERangeErrorD0Ev CODE
 0001:00009cc0 0000005bH .text$_ZN6System11WideCharLenIwEEiPKT_ CODE
 0001:00009d20 0000005bH .text$_ZN6System11WideCharLenIDsEEiPKT_ CODE
 0001:00009d80 00000059H .text$_ZN6System11AnsiStringTILt0EEC2EPKci CODE
 0001:00009de0 000000e9H .text$_ZN6System11AnsiStringTILt0EED2Ev CODE
 0001:00009ed0 00000030H .text$_ZN6System11AnsiStringTILt0EEC2Ev CODE
 0001:00009f00 0000002aH .text$_ZN6System13UnicodeStringC2ILt0EEERKNS_11AnsiStringTIXT_EEE CODE
 0001:00009f30 000000d2H .text$_ZN6System8Sysutils9EIntErrorC3ENS_13UnicodeStringE CODE
 0001:0000a010 000000d2H .text$_ZN6System8Sysutils9EExternalC3ENS_13UnicodeStringE CODE
 0001:0000a0f0 0000004cH .text$_ZN6System8Sysutils9EIntErrorD0Ev CODE
 0001:0000a140 0000004cH .text$_ZN6System8Sysutils9EExternalD0Ev CODE
 0001:0000a190 00000023H .text$_ZN6System11AnsiStringTILt0EEC2ERKS1_ CODE
 0001:0000a1c0 00000012H .text$_ZN6System14AnsiStringBaseC2Ev CODE
 0001:0000a1e0 00001a18H .text                   CODE
 0001:0000bc00 0000000bH .text$_ZN6System15DelphiInterfaceINS_10IInterfaceEEadEv CODE
 0001:0000bc10 0000004dH .text$_ZN6System15DelphiInterfaceINS_10IInterfaceEED2Ev CODE
 0001:0000bc60 00000029H .text$_ZNSt3__110lock_guardINS_5mutexEEC2B6v15007ERS1_ CODE
 0001:0000bc90 00000035H .text$_ZNSt3__113unordered_mapIPN6System7Typinfo9TTypeInfoEPSt9type_infoNS_4hashIS4_EENS_8equal_toIS4_EENS_9allocatorINS_4pairIKS4_S6_EEEEEC2B6v15007Ev CODE
 0001:0000bcd0 00000019H .text$_ZNSt3__113unordered_mapIPN6System7Typinfo9TTypeInfoEPSt9type_infoNS_4hashIS4_EENS_8equal_toIS4_EENS_9allocatorINS_4pairIKS4_S6_EEEEED2B6v15007Ev CODE
 0001:0000bcf0 00000084H .text$_ZNSt3__113unordered_mapIPN6System7Typinfo9TTypeInfoEPSt9type_infoNS_4hashIS4_EENS_8equal_toIS4_EENS_9allocatorINS_4pairIKS4_S6_EEEEEixERSD_ CODE
 0001:0000bd80 0000004aH .text$_ZN6System11AnsiStringTILt65001EEC2ERKNS_13UnicodeStringE CODE
 0001:0000bdd0 00000098H .text$_ZNK6System11AnsiStringTILt65001EEplERKS1_ CODE
 0001:0000be70 0000004aH .text$_ZN6System11AnsiStringTILt65001EEC2EPKc CODE
 0001:0000bec0 00000030H .text$_ZN6System11AnsiStringTILt65001EEC2Ev CODE
 0001:0000bef0 0000004fH .text$_ZN6System11AnsiStringTILt65001EEaSEOS1_ CODE
 0001:0000bf40 00000019H .text$_ZN6System11AnsiStringTILt65001EED2Ev CODE
 0001:0000bf60 00000030H .text$_ZN10__cxxabiv117__class_type_infoC2Ev CODE
 0001:0000bf90 00000043H .text$_ZNK6System11AnsiStringTILt65001EE5c_strEv CODE
 0001:0000bfe0 0000001cH .text$_ZNSt3__110lock_guardINS_5mutexEED2B6v15007Ev CODE
 0001:0000c000 00000030H .text$_ZN10__cxxabiv116__shim_type_infoC2Ev CODE
 0001:0000c030 00000083H .text$_ZNSt3__112__hash_tableINS_17__hash_value_typeIPN6System7Typinfo9TTypeInfoEPSt9type_infoEENS_22__unordered_map_hasherIS5_S8_NS_4hashIS5_EENS_8equal_toIS5_EELb1EEENS_21__unordered_map_equalIS5_S8_SD_SB_Lb1EEENS_9allocatorIS8_EEEC2Ev CODE
 0001:0000c0c0 00000007H .text$_ZNSt3__119__debug_db_insert_cB6v15007INS_13unordered_mapIPN6System7Typinfo9TTypeInfoEPSt9type_infoNS_4hashIS5_EENS_8equal_toIS5_EENS_9allocatorINS_4pairIKS5_S7_EEEEEEEEvPT_ CODE
 0001:0000c0d0 00000030H .text$_ZNSt3__110unique_ptrIA_PNS_16__hash_node_baseIPNS_11__hash_nodeINS_17__hash_value_typeIPN6System7Typinfo9TTypeInfoEPSt9type_infoEEPvEEEENS_25__bucket_list_deallocatorINS_9allocatorISF_EEEEEC2B6v15007ILb1EvEEv CODE
 0001:0000c100 00000030H .text$_ZNSt3__117__compressed_pairINS_16__hash_node_baseIPNS_11__hash_nodeINS_17__hash_value_typeIPN6System7Typinfo9TTypeInfoEPSt9type_infoEEPvEEEENS_9allocatorISC_EEEC2B6v15007ILb1EvEEv CODE
 0001:0000c130 0000003bH .text$_ZNSt3__117__compressed_pairIyNS_22__unordered_map_hasherIPN6System7Typinfo9TTypeInfoENS_17__hash_value_typeIS5_PSt9type_infoEENS_4hashIS5_EENS_8equal_toIS5_EELb1EEEEC2B6v15007IiNS_18__default_init_tagEEEOT_OT0_ CODE
 0001:0000c170 0000003bH .text$_ZNSt3__117__compressed_pairIfNS_21__unordered_map_equalIPN6System7Typinfo9TTypeInfoENS_17__hash_value_typeIS5_PSt9type_infoEENS_8equal_toIS5_EENS_4hashIS5_EELb1EEEEC2B6v15007IfNS_18__default_init_tagEEEOT_OT0_ CODE
 0001:0000c1b0 0000003eH .text$_ZNSt3__117__compressed_pairIPPNS_16__hash_node_baseIPNS_11__hash_nodeINS_17__hash_value_typeIPN6System7Typinfo9TTypeInfoEPSt9type_infoEEPvEEEENS_25__bucket_list_deallocatorINS_9allocatorISF_EEEEEC2B6v15007INS_16__value_init_tagESN_EEOT_OT0_ CODE
 0001:0000c1f0 0000001cH .text$_ZNSt3__122__compressed_pair_elemIPPNS_16__hash_node_baseIPNS_11__hash_nodeINS_17__hash_value_typeIPN6System7Typinfo9TTypeInfoEPSt9type_infoEEPvEEEELi0ELb0EEC2B6v15007ENS_16__value_init_tagE CODE
 0001:0000c210 0000001dH .text$_ZNSt3__122__compressed_pair_elemINS_25__bucket_list_deallocatorINS_9allocatorIPNS_16__hash_node_baseIPNS_11__hash_nodeINS_17__hash_value_typeIPN6System7Typinfo9TTypeInfoEPSt9type_infoEEPvEEEEEEEELi1ELb0EEC2B6v15007ENS_16__value_init_tagE CODE
 0001:0000c230 00000038H .text$_ZNSt3__125__bucket_list_deallocatorINS_9allocatorIPNS_16__hash_node_baseIPNS_11__hash_nodeINS_17__hash_value_typeIPN6System7Typinfo9TTypeInfoEPSt9type_infoEEPvEEEEEEEC2B6v15007Ev CODE
 0001:0000c270 0000003bH .text$_ZNSt3__117__compressed_pairIyNS_9allocatorIPNS_16__hash_node_baseIPNS_11__hash_nodeINS_17__hash_value_typeIPN6System7Typinfo9TTypeInfoEPSt9type_infoEEPvEEEEEEEC2B6v15007IiNS_18__default_init_tagEEEOT_OT0_ CODE
 0001:0000c2b0 00000021H .text$_ZNSt3__122__compressed_pair_elemIyLi0ELb0EEC2B6v15007IivEEOT_ CODE
 0001:0000c2e0 0000001dH .text$_ZNSt3__122__compressed_pair_elemINS_9allocatorIPNS_16__hash_node_baseIPNS_11__hash_nodeINS_17__hash_value_typeIPN6System7Typinfo9TTypeInfoEPSt9type_infoEEPvEEEEEELi1ELb1EEC2B6v15007ENS_18__default_init_tagE CODE
 0001:0000c300 00000019H .text$_ZNSt3__19allocatorIPNS_16__hash_node_baseIPNS_11__hash_nodeINS_17__hash_value_typeIPN6System7Typinfo9TTypeInfoEPSt9type_infoEEPvEEEEEC2B6v15007Ev CODE
 0001:0000c320 00000007H .text$_ZNSt3__116__non_trivial_ifILb1ENS_9allocatorIPNS_16__hash_node_baseIPNS_11__hash_nodeINS_17__hash_value_typeIPN6System7Typinfo9TTypeInfoEPSt9type_infoEEPvEEEEEEEC2B6v15007Ev CODE
 0001:0000c330 0000001dH .text$_ZNSt3__122__compressed_pair_elemINS_16__hash_node_baseIPNS_11__hash_nodeINS_17__hash_value_typeIPN6System7Typinfo9TTypeInfoEPSt9type_infoEEPvEEEELi0ELb0EEC2B6v15007ENS_16__value_init_tagE CODE
 0001:0000c350 0000001dH .text$_ZNSt3__122__compressed_pair_elemINS_9allocatorINS_11__hash_nodeINS_17__hash_value_typeIPN6System7Typinfo9TTypeInfoEPSt9type_infoEEPvEEEELi1ELb1EEC2B6v15007ENS_16__value_init_tagE CODE
 0001:0000c370 00000012H .text$_ZNSt3__116__hash_node_baseIPNS_11__hash_nodeINS_17__hash_value_typeIPN6System7Typinfo9TTypeInfoEPSt9type_infoEEPvEEEC2B6v15007Ev CODE
 0001:0000c390 00000019H .text$_ZNSt3__19allocatorINS_11__hash_nodeINS_17__hash_value_typeIPN6System7Typinfo9TTypeInfoEPSt9type_infoEEPvEEEC2B6v15007Ev CODE
 0001:0000c3b0 00000007H .text$_ZNSt3__116__non_trivial_ifILb1ENS_9allocatorINS_11__hash_nodeINS_17__hash_value_typeIPN6System7Typinfo9TTypeInfoEPSt9type_infoEEPvEEEEEC2B6v15007Ev CODE
 0001:0000c3c0 0000001dH .text$_ZNSt3__122__compressed_pair_elemINS_22__unordered_map_hasherIPN6System7Typinfo9TTypeInfoENS_17__hash_value_typeIS5_PSt9type_infoEENS_4hashIS5_EENS_8equal_toIS5_EELb1EEELi1ELb1EEC2B6v15007ENS_18__default_init_tagE CODE
 0001:0000c3e0 00000007H .text$_ZNSt3__122__unordered_map_hasherIPN6System7Typinfo9TTypeInfoENS_17__hash_value_typeIS4_PSt9type_infoEENS_4hashIS4_EENS_8equal_toIS4_EELb1EEC2B6v15007Ev CODE
 0001:0000c3f0 00000023H .text$_ZNSt3__122__compressed_pair_elemIfLi0ELb0EEC2B6v15007IfvEEOT_ CODE
 0001:0000c420 0000001dH .text$_ZNSt3__122__compressed_pair_elemINS_21__unordered_map_equalIPN6System7Typinfo9TTypeInfoENS_17__hash_value_typeIS5_PSt9type_infoEENS_8equal_toIS5_EENS_4hashIS5_EELb1EEELi1ELb1EEC2B6v15007ENS_18__default_init_tagE CODE
 0001:0000c440 00000007H .text$_ZNSt3__121__unordered_map_equalIPN6System7Typinfo9TTypeInfoENS_17__hash_value_typeIS4_PSt9type_infoEENS_8equal_toIS4_EENS_4hashIS4_EELb1EEC2B6v15007Ev CODE
 0001:0000c450 00000051H .text$_ZNSt3__112__hash_tableINS_17__hash_value_typeIPN6System7Typinfo9TTypeInfoEPSt9type_infoEENS_22__unordered_map_hasherIS5_S8_NS_4hashIS5_EENS_8equal_toIS5_EELb1EEENS_21__unordered_map_equalIS5_S8_SD_SB_Lb1EEENS_9allocatorIS8_EEED2Ev CODE
 0001:0000c4b0 000000adH .text$_ZNSt3__112__hash_tableINS_17__hash_value_typeIPN6System7Typinfo9TTypeInfoEPSt9type_infoEENS_22__unordered_map_hasherIS5_S8_NS_4hashIS5_EENS_8equal_toIS5_EELb1EEENS_21__unordered_map_equalIS5_S8_SD_SB_Lb1EEENS_9allocatorIS8_EEE17__deallocate_nodeEPNS_16__hash_node_baseIPNS_11__hash_nodeIS8_PvEEEE CODE
 0001:0000c560 00000019H .text$_ZNSt3__117__compressed_pairINS_16__hash_node_baseIPNS_11__hash_nodeINS_17__hash_value_typeIPN6System7Typinfo9TTypeInfoEPSt9type_infoEEPvEEEENS_9allocatorISC_EEE5firstB6v15007Ev CODE
 0001:0000c580 00000007H .text$_ZNSt3__118__debug_db_erase_cB6v15007INS_12__hash_tableINS_17__hash_value_typeIPN6System7Typinfo9TTypeInfoEPSt9type_infoEENS_22__unordered_map_hasherIS6_S9_NS_4hashIS6_EENS_8equal_toIS6_EELb1EEENS_21__unordered_map_equalIS6_S9_SE_SC_Lb1EEENS_9allocatorIS9_EEEEEEvPT_ CODE
 0001:0000c590 0000001dH .text$_ZNSt3__110unique_ptrIA_PNS_16__hash_node_baseIPNS_11__hash_nodeINS_17__hash_value_typeIPN6System7Typinfo9TTypeInfoEPSt9type_infoEEPvEEEENS_25__bucket_list_deallocatorINS_9allocatorISF_EEEEED2B6v15007Ev CODE
 0001:0000c5b0 0000001dH .text$_ZNSt3__112__hash_tableINS_17__hash_value_typeIPN6System7Typinfo9TTypeInfoEPSt9type_infoEENS_22__unordered_map_hasherIS5_S8_NS_4hashIS5_EENS_8equal_toIS5_EELb1EEENS_21__unordered_map_equalIS5_S8_SD_SB_Lb1EEENS_9allocatorIS8_EEE12__node_allocB6v15007Ev CODE
 0001:0000c5d0 00000019H .text$_ZNSt3__116__hash_node_baseIPNS_11__hash_nodeINS_17__hash_value_typeIPN6System7Typinfo9TTypeInfoEPSt9type_infoEEPvEEE8__upcastB6v15007Ev CODE
 0001:0000c5f0 00000012H .text$_ZNSt3__116allocator_traitsINS_9allocatorINS_11__hash_nodeINS_17__hash_value_typeIPN6System7Typinfo9TTypeInfoEPSt9type_infoEEPvEEEEE7destroyB6v15007INS_4pairIKS7_S9_EEvvEEvRSD_PT_ CODE
 0001:0000c610 00000019H .text$_ZNSt3__122__hash_key_value_typesINS_17__hash_value_typeIPN6System7Typinfo9TTypeInfoEPSt9type_infoEEE9__get_ptrB6v15007ERS8_ CODE
 0001:0000c630 0000002dH .text$_ZNSt3__116allocator_traitsINS_9allocatorINS_11__hash_nodeINS_17__hash_value_typeIPN6System7Typinfo9TTypeInfoEPSt9type_infoEEPvEEEEE10deallocateB6v15007ERSD_PSC_y CODE
 0001:0000c660 00000019H .text$_ZNSt3__117__compressed_pairINS_16__hash_node_baseIPNS_11__hash_nodeINS_17__hash_value_typeIPN6System7Typinfo9TTypeInfoEPSt9type_infoEEPvEEEENS_9allocatorISC_EEE6secondB6v15007Ev CODE
 0001:0000c680 0000000bH .text$_ZNSt3__122__compressed_pair_elemINS_9allocatorINS_11__hash_nodeINS_17__hash_value_typeIPN6System7Typinfo9TTypeInfoEPSt9type_infoEEPvEEEELi1ELb1EE5__getB6v15007Ev CODE
 0001:0000c690 0000000bH .text$_ZNSt3__114pointer_traitsIPNS_16__hash_node_baseIPNS_11__hash_nodeINS_17__hash_value_typeIPN6System7Typinfo9TTypeInfoEPSt9type_infoEEPvEEEEE10pointer_toB6v15007ERSE_ CODE
 0001:0000c6a0 00000019H .text$_ZNSt3__117__hash_value_typeIPN6System7Typinfo9TTypeInfoEPSt9type_infoE11__get_valueB6v15007Ev CODE
 0001:0000c6c0 00000019H .text$_ZNSt3__17launderB6v15007INS_4pairIKPN6System7Typinfo9TTypeInfoEPSt9type_infoEEEEPT_SB_ CODE
 0001:0000c6e0 0000000bH .text$_ZNSt3__19__launderB6v15007INS_4pairIKPN6System7Typinfo9TTypeInfoEPSt9type_infoEEEEPT_SB_ CODE
 0001:0000c6f0 0000003fH .text$_ZNSt3__19allocatorINS_11__hash_nodeINS_17__hash_value_typeIPN6System7Typinfo9TTypeInfoEPSt9type_infoEEPvEEE10deallocateB6v15007EPSB_y CODE
 0001:0000c730 00000062H .text$_ZNSt3__119__libcpp_deallocateB6v15007EPvyy CODE
 0001:0000c7a0 00000014H .text$_ZNSt3__124__is_overaligned_for_newB6v15007Ey CODE
 0001:0000c7c0 00000028H .text$_ZNSt3__127__do_deallocate_handle_sizeB6v15007IJSt11align_val_tEEEvPvyDpT_ CODE
 0001:0000c7f0 0000001eH .text$_ZNSt3__127__do_deallocate_handle_sizeB6v15007IJEEEvPvyDpT_ CODE
 0001:0000c810 00000023H .text$_ZNSt3__124__libcpp_operator_deleteB6v15007IJPvSt11align_val_tEEEvDpT_ CODE
 0001:0000c840 00000019H .text$_ZNSt3__124__libcpp_operator_deleteB6v15007IJPvEEEvDpT_ CODE
 0001:0000c860 0000000bH .text$_ZNSt3__122__compressed_pair_elemINS_16__hash_node_baseIPNS_11__hash_nodeINS_17__hash_value_typeIPN6System7Typinfo9TTypeInfoEPSt9type_infoEEPvEEEELi0ELb0EE5__getB6v15007Ev CODE
 0001:0000c870 0000005fH .text$_ZNSt3__110unique_ptrIA_PNS_16__hash_node_baseIPNS_11__hash_nodeINS_17__hash_value_typeIPN6System7Typinfo9TTypeInfoEPSt9type_infoEEPvEEEENS_25__bucket_list_deallocatorINS_9allocatorISF_EEEEE5resetB6v15007EDn CODE
 0001:0000c8d0 00000019H .text$_ZNSt3__117__compressed_pairIPPNS_16__hash_node_baseIPNS_11__hash_nodeINS_17__hash_value_typeIPN6System7Typinfo9TTypeInfoEPSt9type_infoEEPvEEEENS_25__bucket_list_deallocatorINS_9allocatorISF_EEEEE5firstB6v15007Ev CODE
 0001:0000c8f0 0000001dH .text$_ZNSt3__117__compressed_pairIPPNS_16__hash_node_baseIPNS_11__hash_nodeINS_17__hash_value_typeIPN6System7Typinfo9TTypeInfoEPSt9type_infoEEPvEEEENS_25__bucket_list_deallocatorINS_9allocatorISF_EEEEE6secondB6v15007Ev CODE
 0001:0000c910 0000004eH .text$_ZNSt3__125__bucket_list_deallocatorINS_9allocatorIPNS_16__hash_node_baseIPNS_11__hash_nodeINS_17__hash_value_typeIPN6System7Typinfo9TTypeInfoEPSt9type_infoEEPvEEEEEEEclB6v15007EPSG_ CODE
 0001:0000c960 0000000bH .text$_ZNSt3__122__compressed_pair_elemIPPNS_16__hash_node_baseIPNS_11__hash_nodeINS_17__hash_value_typeIPN6System7Typinfo9TTypeInfoEPSt9type_infoEEPvEEEELi0ELb0EE5__getB6v15007Ev CODE
 0001:0000c970 0000000bH .text$_ZNSt3__122__compressed_pair_elemINS_25__bucket_list_deallocatorINS_9allocatorIPNS_16__hash_node_baseIPNS_11__hash_nodeINS_17__hash_value_typeIPN6System7Typinfo9TTypeInfoEPSt9type_infoEEPvEEEEEEEELi1ELb0EE5__getB6v15007Ev CODE
 0001:0000c980 0000002dH .text$_ZNSt3__116allocator_traitsINS_9allocatorIPNS_16__hash_node_baseIPNS_11__hash_nodeINS_17__hash_value_typeIPN6System7Typinfo9TTypeInfoEPSt9type_infoEEPvEEEEEEE10deallocateB6v15007ERSH_PSG_y CODE
 0001:0000c9b0 00000019H .text$_ZNSt3__125__bucket_list_deallocatorINS_9allocatorIPNS_16__hash_node_baseIPNS_11__hash_nodeINS_17__hash_value_typeIPN6System7Typinfo9TTypeInfoEPSt9type_infoEEPvEEEEEEE7__allocB6v15007Ev CODE
 0001:0000c9d0 00000019H .text$_ZNSt3__125__bucket_list_deallocatorINS_9allocatorIPNS_16__hash_node_baseIPNS_11__hash_nodeINS_17__hash_value_typeIPN6System7Typinfo9TTypeInfoEPSt9type_infoEEPvEEEEEEE4sizeB6v15007Ev CODE
 0001:0000c9f0 0000003fH .text$_ZNSt3__19allocatorIPNS_16__hash_node_baseIPNS_11__hash_nodeINS_17__hash_value_typeIPN6System7Typinfo9TTypeInfoEPSt9type_infoEEPvEEEEE10deallocateB6v15007EPSF_y CODE
 0001:0000ca30 00000019H .text$_ZNSt3__117__compressed_pairIyNS_9allocatorIPNS_16__hash_node_baseIPNS_11__hash_nodeINS_17__hash_value_typeIPN6System7Typinfo9TTypeInfoEPSt9type_infoEEPvEEEEEEE6secondB6v15007Ev CODE
 0001:0000ca50 0000000bH .text$_ZNSt3__122__compressed_pair_elemINS_9allocatorIPNS_16__hash_node_baseIPNS_11__hash_nodeINS_17__hash_value_typeIPN6System7Typinfo9TTypeInfoEPSt9type_infoEEPvEEEEEELi1ELb1EE5__getB6v15007Ev CODE
 0001:0000ca60 00000019H .text$_ZNSt3__117__compressed_pairIyNS_9allocatorIPNS_16__hash_node_baseIPNS_11__hash_nodeINS_17__hash_value_typeIPN6System7Typinfo9TTypeInfoEPSt9type_infoEEPvEEEEEEE5firstB6v15007Ev CODE
 0001:0000ca80 0000000bH .text$_ZNSt3__122__compressed_pair_elemIyLi0ELb0EE5__getB6v15007Ev CODE
 0001:0000ca90 0000076cH .text$_ZNSt3__112__hash_tableINS_17__hash_value_typeIPN6System7Typinfo9TTypeInfoEPSt9type_infoEENS_22__unordered_map_hasherIS5_S8_NS_4hashIS5_EENS_8equal_toIS5_EELb1EEENS_21__unordered_map_equalIS5_S8_SD_SB_Lb1EEENS_9allocatorIS8_EEE25__emplace_unique_key_argsIS5_JRKNS_21piecewise_construct_tENS_5tupleIJRKS5_EEENSO_IJEEEEEENS_4pairINS_15__hash_iteratorIPNS_11__hash_nodeIS8_PvEEEEbEERKT_DpOT0_ CODE
 0001:0000d200 00000022H .text$_ZNSt3__116forward_as_tupleB6v15007IJRKPN6System7Typinfo9TTypeInfoEEEENS_5tupleIJDpOT_EEESA_ CODE
 0001:0000d230 00000006H .text$_ZNSt3__116forward_as_tupleB6v15007IJEEENS_5tupleIJDpOT_EEES4_ CODE
 0001:0000d240 00000028H .text$_ZNKSt3__115__hash_iteratorIPNS_11__hash_nodeINS_17__hash_value_typeIPN6System7Typinfo9TTypeInfoEPSt9type_infoEEPvEEEptB6v15007Ev CODE
 0001:0000d270 0000001dH .text$_ZNSt3__112__hash_tableINS_17__hash_value_typeIPN6System7Typinfo9TTypeInfoEPSt9type_infoEENS_22__unordered_map_hasherIS5_S8_NS_4hashIS5_EENS_8equal_toIS5_EELb1EEENS_21__unordered_map_equalIS5_S8_SD_SB_Lb1EEENS_9allocatorIS8_EEE13hash_functionB6v15007Ev CODE
 0001:0000d290 00000026H .text$_ZNKSt3__122__unordered_map_hasherIPN6System7Typinfo9TTypeInfoENS_17__hash_value_typeIS4_PSt9type_infoEENS_4hashIS4_EENS_8equal_toIS4_EELb1EEclB6v15007ERKS4_ CODE
 0001:0000d2c0 00000021H .text$_ZNKSt3__112__hash_tableINS_17__hash_value_typeIPN6System7Typinfo9TTypeInfoEPSt9type_infoEENS_22__unordered_map_hasherIS5_S8_NS_4hashIS5_EENS_8equal_toIS5_EELb1EEENS_21__unordered_map_equalIS5_S8_SD_SB_Lb1EEENS_9allocatorIS8_EEE12bucket_countB6v15007Ev CODE
 0001:0000d2f0 00000087H .text$_ZNSt3__116__constrain_hashB6v15007Eyy CODE
 0001:0000d380 0000002cH .text$_ZNKSt3__110unique_ptrIA_PNS_16__hash_node_baseIPNS_11__hash_nodeINS_17__hash_value_typeIPN6System7Typinfo9TTypeInfoEPSt9type_infoEEPvEEEENS_25__bucket_list_deallocatorINS_9allocatorISF_EEEEEixB6v15007Ey CODE
 0001:0000d3b0 0000000fH .text$_ZNKSt3__116__hash_node_baseIPNS_11__hash_nodeINS_17__hash_value_typeIPN6System7Typinfo9TTypeInfoEPSt9type_infoEEPvEEE6__hashB6v15007Ev CODE
 0001:0000d3c0 0000001dH .text$_ZNSt3__112__hash_tableINS_17__hash_value_typeIPN6System7Typinfo9TTypeInfoEPSt9type_infoEENS_22__unordered_map_hasherIS5_S8_NS_4hashIS5_EENS_8equal_toIS5_EELb1EEENS_21__unordered_map_equalIS5_S8_SD_SB_Lb1EEENS_9allocatorIS8_EEE6key_eqB6v15007Ev CODE
 0001:0000d3e0 00000043H .text$_ZNKSt3__121__unordered_map_equalIPN6System7Typinfo9TTypeInfoENS_17__hash_value_typeIS4_PSt9type_infoEENS_8equal_toIS4_EENS_4hashIS4_EELb1EEclB6v15007ERKS8_RKS4_ CODE
 0001:0000d430 000001a9H .text$_ZNSt3__112__hash_tableINS_17__hash_value_typeIPN6System7Typinfo9TTypeInfoEPSt9type_infoEENS_22__unordered_map_hasherIS5_S8_NS_4hashIS5_EENS_8equal_toIS5_EELb1EEENS_21__unordered_map_equalIS5_S8_SD_SB_Lb1EEENS_9allocatorIS8_EEE21__construct_node_hashIRKNS_21piecewise_construct_tEJNS_5tupleIJRKS5_EEENSO_IJEEEEEENS_10unique_ptrINS_11__hash_nodeIS8_PvEENS_22__hash_node_destructorINSH_ISW_EEEEEEyOT_DpOT0_ CODE
 0001:0000d5e0 0000001dH .text$_ZNSt3__112__hash_tableINS_17__hash_value_typeIPN6System7Typinfo9TTypeInfoEPSt9type_infoEENS_22__unordered_map_hasherIS5_S8_NS_4hashIS5_EENS_8equal_toIS5_EELb1EEENS_21__unordered_map_equalIS5_S8_SD_SB_Lb1EEENS_9allocatorIS8_EEE4sizeB6v15007Ev CODE
 0001:0000d600 0000001dH .text$_ZNSt3__112__hash_tableINS_17__hash_value_typeIPN6System7Typinfo9TTypeInfoEPSt9type_infoEENS_22__unordered_map_hasherIS5_S8_NS_4hashIS5_EENS_8equal_toIS5_EELb1EEENS_21__unordered_map_equalIS5_S8_SD_SB_Lb1EEENS_9allocatorIS8_EEE15max_load_factorB6v15007Ev CODE
 0001:0000d620 00000023H .text$_ZNSt3__112__hash_tableINS_17__hash_value_typeIPN6System7Typinfo9TTypeInfoEPSt9type_infoEENS_22__unordered_map_hasherIS5_S8_NS_4hashIS5_EENS_8equal_toIS5_EELb1EEENS_21__unordered_map_equalIS5_S8_SD_SB_Lb1EEENS_9allocatorIS8_EEE15__rehash_uniqueB6v15007Ey CODE
 0001:0000d650 00000028H .text$_ZNSt3__13maxB6v15007IyEERKT_S3_S3_ CODE
 0001:0000d680 00000047H .text$_ZNSt3__116__is_hash_power2B6v15007Ey CODE
 0001:0000d6d0 0000001bH .text$_Z4ceilB6v15007f  CODE
 0001:0000d6f0 00000019H .text$_ZNSt3__116__hash_node_baseIPNS_11__hash_nodeINS_17__hash_value_typeIPN6System7Typinfo9TTypeInfoEPSt9type_infoEEPvEEE5__ptrB6v15007Ev CODE
 0001:0000d710 0000001bH .text$_ZNKSt3__110unique_ptrINS_11__hash_nodeINS_17__hash_value_typeIPN6System7Typinfo9TTypeInfoEPSt9type_infoEEPvEENS_22__hash_node_destructorINS_9allocatorISB_EEEEEptB6v15007Ev CODE
 0001:0000d730 0000001bH .text$_ZNKSt3__110unique_ptrINS_11__hash_nodeINS_17__hash_value_typeIPN6System7Typinfo9TTypeInfoEPSt9type_infoEEPvEENS_22__hash_node_destructorINS_9allocatorISB_EEEEE3getB6v15007Ev CODE
 0001:0000d750 0000003bH .text$_ZNSt3__110unique_ptrINS_11__hash_nodeINS_17__hash_value_typeIPN6System7Typinfo9TTypeInfoEPSt9type_infoEEPvEENS_22__hash_node_destructorINS_9allocatorISB_EEEEE7releaseB6v15007Ev CODE
 0001:0000d790 0000001dH .text$_ZNSt3__110unique_ptrINS_11__hash_nodeINS_17__hash_value_typeIPN6System7Typinfo9TTypeInfoEPSt9type_infoEEPvEENS_22__hash_node_destructorINS_9allocatorISB_EEEEED2B6v15007Ev CODE
 0001:0000d7b0 00000024H .text$_ZNSt3__115__hash_iteratorIPNS_11__hash_nodeINS_17__hash_value_typeIPN6System7Typinfo9TTypeInfoEPSt9type_infoEEPvEEEC2B6v15007EPNS_16__hash_node_baseISC_EEPKv CODE
 0001:0000d7e0 00000033H .text$_ZNSt3__14pairINS_15__hash_iteratorIPNS_11__hash_nodeINS_17__hash_value_typeIPN6System7Typinfo9TTypeInfoEPSt9type_infoEEPvEEEEbEC2B6v15007ISE_RbLSB_0EEEOT_OT0_ CODE
 0001:0000d820 00000019H .text$_ZNSt3__117__compressed_pairIyNS_22__unordered_map_hasherIPN6System7Typinfo9TTypeInfoENS_17__hash_value_typeIS5_PSt9type_infoEENS_4hashIS5_EENS_8equal_toIS5_EELb1EEEE6secondB6v15007Ev CODE
 0001:0000d840 0000000bH .text$_ZNSt3__122__compressed_pair_elemINS_22__unordered_map_hasherIPN6System7Typinfo9TTypeInfoENS_17__hash_value_typeIS5_PSt9type_infoEENS_4hashIS5_EENS_8equal_toIS5_EELb1EEELi1ELb1EE5__getB6v15007Ev CODE
 0001:0000d850 0000004aH .text$_ZNKSt3__14hashIPN6System7Typinfo9TTypeInfoEEclB6v15007ES4_ CODE
 0001:0000d8a0 00000501H .text$_ZNSt3__121__murmur2_or_cityhashIyLy64EEclEPKvy CODE
 0001:0000ddb0 0000019dH .text$_ZNSt3__121__murmur2_or_cityhashIyLy64EE18__hash_len_0_to_16EPKcy CODE
 0001:0000df50 0000010cH .text$_ZNSt3__121__murmur2_or_cityhashIyLy64EE19__hash_len_17_to_32EPKcy CODE
 0001:0000e060 00000339H .text$_ZNSt3__121__murmur2_or_cityhashIyLy64EE19__hash_len_33_to_64EPKcy CODE
 0001:0000e3a0 0000001eH .text$_ZNSt3__110__loadwordB6v15007IyEET_PKv CODE
 0001:0000e3c0 00000095H .text$_ZNSt3__121__murmur2_or_cityhashIyLy64EE13__hash_len_16Eyy CODE
 0001:0000e460 000000b0H .text$_ZNSt3__121__murmur2_or_cityhashIyLy64EE29__weak_hash_len_32_with_seedsEPKcyy CODE
 0001:0000e510 00000058H .text$_ZNSt3__121__murmur2_or_cityhashIyLy64EE8__rotateEyi CODE
 0001:0000e570 0000002dH .text$_ZNSt3__14pairIyyEaSB6v15007EOS1_ CODE
 0001:0000e5a0 0000003bH .text$_ZNSt3__14swapB6v15007IyEENS_9enable_ifIXaasr21is_move_constructibleIT_EE5valuesr18is_move_assignableIS2_EE5valueEvE4typeERS2_S5_ CODE
 0001:0000e5e0 00000016H .text$_ZNSt3__121__murmur2_or_cityhashIyLy64EE11__shift_mixEy CODE
 0001:0000e600 00000037H .text$_ZNSt3__121__murmur2_or_cityhashIyLy64EE22__rotate_by_at_least_1Eyi CODE
 0001:0000e640 0000001dH .text$_ZNSt3__110__loadwordB6v15007IjEET_PKv CODE
 0001:0000e660 0000011aH .text$_ZNSt3__121__murmur2_or_cityhashIyLy64EE29__weak_hash_len_32_with_seedsEyyyyyy CODE
 0001:0000e780 00000032H .text$_ZNSt3__14pairIyyEC2B6v15007IyyLPv0EEEOT_OT0_ CODE
 0001:0000e7c0 00000019H .text$_ZNKSt3__110unique_ptrIA_PNS_16__hash_node_baseIPNS_11__hash_nodeINS_17__hash_value_typeIPN6System7Typinfo9TTypeInfoEPSt9type_infoEEPvEEEENS_25__bucket_list_deallocatorINS_9allocatorISF_EEEEE11get_deleterB6v15007Ev CODE
 0001:0000e7e0 0000001bH .text$_ZNKSt3__125__bucket_list_deallocatorINS_9allocatorIPNS_16__hash_node_baseIPNS_11__hash_nodeINS_17__hash_value_typeIPN6System7Typinfo9TTypeInfoEPSt9type_infoEEPvEEEEEEE4sizeB6v15007Ev CODE
 0001:0000e800 0000001dH .text$_ZNKSt3__117__compressed_pairIPPNS_16__hash_node_baseIPNS_11__hash_nodeINS_17__hash_value_typeIPN6System7Typinfo9TTypeInfoEPSt9type_infoEEPvEEEENS_25__bucket_list_deallocatorINS_9allocatorISF_EEEEE6secondB6v15007Ev CODE
 0001:0000e820 0000000bH .text$_ZNKSt3__122__compressed_pair_elemINS_25__bucket_list_deallocatorINS_9allocatorIPNS_16__hash_node_baseIPNS_11__hash_nodeINS_17__hash_value_typeIPN6System7Typinfo9TTypeInfoEPSt9type_infoEEPvEEEEEEEELi1ELb0EE5__getB6v15007Ev CODE
 0001:0000e830 00000019H .text$_ZNKSt3__117__compressed_pairIyNS_9allocatorIPNS_16__hash_node_baseIPNS_11__hash_nodeINS_17__hash_value_typeIPN6System7Typinfo9TTypeInfoEPSt9type_infoEEPvEEEEEEE5firstB6v15007Ev CODE
 0001:0000e850 0000000bH .text$_ZNKSt3__122__compressed_pair_elemIyLi0ELb0EE5__getB6v15007Ev CODE
 0001:0000e860 00000019H .text$_ZNKSt3__117__compressed_pairIPPNS_16__hash_node_baseIPNS_11__hash_nodeINS_17__hash_value_typeIPN6System7Typinfo9TTypeInfoEPSt9type_infoEEPvEEEENS_25__bucket_list_deallocatorINS_9allocatorISF_EEEEE5firstB6v15007Ev CODE
 0001:0000e880 0000000bH .text$_ZNKSt3__122__compressed_pair_elemIPPNS_16__hash_node_baseIPNS_11__hash_nodeINS_17__hash_value_typeIPN6System7Typinfo9TTypeInfoEPSt9type_infoEEPvEEEELi0ELb0EE5__getB6v15007Ev CODE
 0001:0000e890 00000019H .text$_ZNSt3__117__compressed_pairIfNS_21__unordered_map_equalIPN6System7Typinfo9TTypeInfoENS_17__hash_value_typeIS5_PSt9type_infoEENS_8equal_toIS5_EENS_4hashIS5_EELb1EEEE6secondB6v15007Ev CODE
 0001:0000e8b0 0000000bH .text$_ZNSt3__122__compressed_pair_elemINS_21__unordered_map_equalIPN6System7Typinfo9TTypeInfoENS_17__hash_value_typeIS5_PSt9type_infoEENS_8equal_toIS5_EENS_4hashIS5_EELb1EEELi1ELb1EE5__getB6v15007Ev CODE
 0001:0000e8c0 0000002eH .text$_ZNKSt3__18equal_toIPN6System7Typinfo9TTypeInfoEEclB6v15007ERKS4_S7_ CODE
 0001:0000e8f0 00000019H .text$_ZNKSt3__117__hash_value_typeIPN6System7Typinfo9TTypeInfoEPSt9type_infoE11__get_valueB6v15007Ev CODE
 0001:0000e910 00000019H .text$_ZNSt3__17launderB6v15007IKNS_4pairIKPN6System7Typinfo9TTypeInfoEPSt9type_infoEEEEPT_SC_ CODE
 0001:0000e930 0000000bH .text$_ZNSt3__19__launderB6v15007IKNS_4pairIKPN6System7Typinfo9TTypeInfoEPSt9type_infoEEEEPT_SC_ CODE
 0001:0000e940 00000023H .text$_ZNSt3__116allocator_traitsINS_9allocatorINS_11__hash_nodeINS_17__hash_value_typeIPN6System7Typinfo9TTypeInfoEPSt9type_infoEEPvEEEEE8allocateB6v15007ERSD_y CODE
 0001:0000e970 00000033H .text$_ZNSt3__122__hash_node_destructorINS_9allocatorINS_11__hash_nodeINS_17__hash_value_typeIPN6System7Typinfo9TTypeInfoEPSt9type_infoEEPvEEEEEC2B6v15007ERSD_b CODE
 0001:0000e9b0 0000003aH .text$_ZNSt3__110unique_ptrINS_11__hash_nodeINS_17__hash_value_typeIPN6System7Typinfo9TTypeInfoEPSt9type_infoEEPvEENS_22__hash_node_destructorINS_9allocatorISB_EEEEEC2B6v15007ILb1EvEEPSB_NS_16__dependent_typeINS_27__unique_ptr_deleter_sfinaeISF_EEXT_EE20__good_rval_ref_typeE CODE
 0001:0000e9f0 00000046H .text$_ZNSt3__116allocator_traitsINS_9allocatorINS_11__hash_nodeINS_17__hash_value_typeIPN6System7Typinfo9TTypeInfoEPSt9type_infoEEPvEEEEE9constructB6v15007INS_4pairIKS7_S9_EEJRKNS_21piecewise_construct_tENS_5tupleIJRSH_EEENSM_IJEEEEvEEvRSD_PT_DpOT0_ CODE
 0001:0000ea40 00000019H .text$_ZNSt3__110unique_ptrINS_11__hash_nodeINS_17__hash_value_typeIPN6System7Typinfo9TTypeInfoEPSt9type_infoEEPvEENS_22__hash_node_destructorINS_9allocatorISB_EEEEE11get_deleterB6v15007Ev CODE
 0001:0000ea60 00000051H .text$_ZNSt3__19allocatorINS_11__hash_nodeINS_17__hash_value_typeIPN6System7Typinfo9TTypeInfoEPSt9type_infoEEPvEEE8allocateB6v15007Ey CODE
 0001:0000eac0 00000019H .text$_ZNSt3__116allocator_traitsINS_9allocatorINS_11__hash_nodeINS_17__hash_value_typeIPN6System7Typinfo9TTypeInfoEPSt9type_infoEEPvEEEEE8max_sizeB6v15007ISD_vEEyRKSD_ CODE
 0001:0000eae0 00000034H .text$_ZSt28__throw_bad_array_new_lengthB6v15007v CODE
 0001:0000eb20 00000061H .text$_ZNSt3__117__libcpp_allocateB6v15007Eyy CODE
 0001:0000eb90 00000011H .text$_ZNKSt3__19allocatorINS_11__hash_nodeINS_17__hash_value_typeIPN6System7Typinfo9TTypeInfoEPSt9type_infoEEPvEEE8max_sizeB6v15007Ev CODE
 0001:0000ebb0 00000023H .text$_ZNSt3__121__libcpp_operator_newB6v15007IJySt11align_val_tEEEPvDpT_ CODE
 0001:0000ebe0 00000019H .text$_ZNSt3__121__libcpp_operator_newB6v15007IJyEEEPvDpT_ CODE
 0001:0000ec00 00000040H .text$_ZNSt3__117__compressed_pairIPNS_11__hash_nodeINS_17__hash_value_typeIPN6System7Typinfo9TTypeInfoEPSt9type_infoEEPvEENS_22__hash_node_destructorINS_9allocatorISB_EEEEEC2B6v15007IRSC_SG_EEOT_OT0_ CODE
 0001:0000ec40 00000021H .text$_ZNSt3__122__compressed_pair_elemIPNS_11__hash_nodeINS_17__hash_value_typeIPN6System7Typinfo9TTypeInfoEPSt9type_infoEEPvEELi0ELb0EEC2B6v15007IRSC_vEEOT_ CODE
 0001:0000ec70 00000029H .text$_ZNSt3__122__compressed_pair_elemINS_22__hash_node_destructorINS_9allocatorINS_11__hash_nodeINS_17__hash_value_typeIPN6System7Typinfo9TTypeInfoEPSt9type_infoEEPvEEEEEELi1ELb0EEC2B6v15007ISF_vEEOT_ CODE
 0001:0000eca0 0000004bH .text$_ZNSt3__19allocatorINS_11__hash_nodeINS_17__hash_value_typeIPN6System7Typinfo9TTypeInfoEPSt9type_infoEEPvEEE9constructB6v15007INS_4pairIKS6_S8_EEJRKNS_21piecewise_construct_tENS_5tupleIJRSF_EEENSK_IJEEEEEEvPT_DpOT0_ CODE
 0001:0000ecf0 00000057H .text$_ZNSt3__14pairIKPN6System7Typinfo9TTypeInfoEPSt9type_infoEC2B6v15007IJRS5_EJEEENS_21piecewise_construct_tENS_5tupleIJDpT_EEENSC_IJDpT0_EEE CODE
 0001:0000ed50 00000060H .text$_ZNSt3__14pairIKPN6System7Typinfo9TTypeInfoEPSt9type_infoEC2B6v15007IJRS5_EJEJLy0EEJEEENS_21piecewise_construct_tERNS_5tupleIJDpT_EEERNSC_IJDpT0_EEENS_15__tuple_indicesIJXspT1_EEEENSL_IJXspT2_EEEE CODE
 0001:0000edb0 00000019H .text$_ZNSt3__13getB6v15007ILy0EJRKPN6System7Typinfo9TTypeInfoEEEERNS_13tuple_elementIXT_ENS_5tupleIJDpT0_EEEE4typeERSB_ CODE
 0001:0000edd0 0000000eH .text$_ZNSt3__112__tuple_leafILy0ERKPN6System7Typinfo9TTypeInfoELb0EE3getB6v15007Ev CODE
 0001:0000ede0 0000001dH .text$_ZNSt3__117__compressed_pairIPNS_11__hash_nodeINS_17__hash_value_typeIPN6System7Typinfo9TTypeInfoEPSt9type_infoEEPvEENS_22__hash_node_destructorINS_9allocatorISB_EEEEE6secondB6v15007Ev CODE
 0001:0000ee00 0000000bH .text$_ZNSt3__122__compressed_pair_elemINS_22__hash_node_destructorINS_9allocatorINS_11__hash_nodeINS_17__hash_value_typeIPN6System7Typinfo9TTypeInfoEPSt9type_infoEEPvEEEEEELi1ELb0EE5__getB6v15007Ev CODE
 0001:0000ee10 00000019H .text$_ZNSt3__117__compressed_pairIyNS_22__unordered_map_hasherIPN6System7Typinfo9TTypeInfoENS_17__hash_value_typeIS5_PSt9type_infoEENS_4hashIS5_EENS_8equal_toIS5_EELb1EEEE5firstB6v15007Ev CODE
 0001:0000ee30 00000019H .text$_ZNSt3__117__compressed_pairIfNS_21__unordered_map_equalIPN6System7Typinfo9TTypeInfoENS_17__hash_value_typeIS5_PSt9type_infoEENS_8equal_toIS5_EENS_4hashIS5_EELb1EEEE5firstB6v15007Ev CODE
 0001:0000ee50 0000000bH .text$_ZNSt3__122__compressed_pair_elemIfLi0ELb0EE5__getB6v15007Ev CODE
 0001:0000ee60 00000255H .text$_ZNSt3__112__hash_tableINS_17__hash_value_typeIPN6System7Typinfo9TTypeInfoEPSt9type_infoEENS_22__unordered_map_hasherIS5_S8_NS_4hashIS5_EENS_8equal_toIS5_EELb1EEENS_21__unordered_map_equalIS5_S8_SD_SB_Lb1EEENS_9allocatorIS8_EEE8__rehashILb1EEEvy CODE
 0001:0000f0c0 000002c2H .text$_ZNSt3__112__hash_tableINS_17__hash_value_typeIPN6System7Typinfo9TTypeInfoEPSt9type_infoEENS_22__unordered_map_hasherIS5_S8_NS_4hashIS5_EENS_8equal_toIS5_EELb1EEENS_21__unordered_map_equalIS5_S8_SD_SB_Lb1EEENS_9allocatorIS8_EEE11__do_rehashILb1EEEvy CODE
 0001:0000f390 00000056H .text$_ZNSt3__116__next_hash_pow2B6v15007Ey CODE
 0001:0000f3f0 00000007H .text$_ZNSt3__125__debug_db_invalidate_allB6v15007INS_12__hash_tableINS_17__hash_value_typeIPN6System7Typinfo9TTypeInfoEPSt9type_infoEENS_22__unordered_map_hasherIS6_S9_NS_4hashIS6_EENS_8equal_toIS6_EELb1EEENS_21__unordered_map_equalIS6_S9_SE_SC_Lb1EEENS_9allocatorIS9_EEEEEEvPT_ CODE
 0001:0000f400 00000019H .text$_ZNSt3__110unique_ptrIA_PNS_16__hash_node_baseIPNS_11__hash_nodeINS_17__hash_value_typeIPN6System7Typinfo9TTypeInfoEPSt9type_infoEEPvEEEENS_25__bucket_list_deallocatorINS_9allocatorISF_EEEEE11get_deleterB6v15007Ev CODE
 0001:0000f420 0000006aH .text$_ZNSt3__110unique_ptrIA_PNS_16__hash_node_baseIPNS_11__hash_nodeINS_17__hash_value_typeIPN6System7Typinfo9TTypeInfoEPSt9type_infoEEPvEEEENS_25__bucket_list_deallocatorINS_9allocatorISF_EEEEE5resetB6v15007IPSF_EENS_9enable_ifIXsr28_CheckArrayPointerConversionIT_EE5valueEvE4typeESP_ CODE
 0001:0000f490 00000023H .text$_ZNSt3__116allocator_traitsINS_9allocatorIPNS_16__hash_node_baseIPNS_11__hash_nodeINS_17__hash_value_typeIPN6System7Typinfo9TTypeInfoEPSt9type_infoEEPvEEEEEEE8allocateB6v15007ERSH_y CODE
 0001:0000f4c0 00000051H .text$_ZNSt3__19allocatorIPNS_16__hash_node_baseIPNS_11__hash_nodeINS_17__hash_value_typeIPN6System7Typinfo9TTypeInfoEPSt9type_infoEEPvEEEEE8allocateB6v15007Ey CODE
 0001:0000f520 00000019H .text$_ZNSt3__116allocator_traitsINS_9allocatorIPNS_16__hash_node_baseIPNS_11__hash_nodeINS_17__hash_value_typeIPN6System7Typinfo9TTypeInfoEPSt9type_infoEEPvEEEEEEE8max_sizeB6v15007ISH_vEEyRKSH_ CODE
 0001:0000f540 00000011H .text$_ZNKSt3__19allocatorIPNS_16__hash_node_baseIPNS_11__hash_nodeINS_17__hash_value_typeIPN6System7Typinfo9TTypeInfoEPSt9type_infoEEPvEEEEE8max_sizeB6v15007Ev CODE
 0001:0000f560 00000013H .text$_ZNSt3__112__libcpp_clzB6v15007Ey CODE
 0001:0000f580 00000057H .text$_ZNSt3__13maxB6v15007IyNS_6__lessIyyEEEERKT_S5_S5_T0_ CODE
 0001:0000f5e0 0000002eH .text$_ZNKSt3__16__lessIyyEclB6v15007ERKyS3_ CODE
 0001:0000f610 00000019H .text$_ZNKSt3__117__compressed_pairIPNS_11__hash_nodeINS_17__hash_value_typeIPN6System7Typinfo9TTypeInfoEPSt9type_infoEEPvEENS_22__hash_node_destructorINS_9allocatorISB_EEEEE5firstB6v15007Ev CODE
 0001:0000f630 0000000bH .text$_ZNKSt3__122__compressed_pair_elemIPNS_11__hash_nodeINS_17__hash_value_typeIPN6System7Typinfo9TTypeInfoEPSt9type_infoEEPvEELi0ELb0EE5__getB6v15007Ev CODE
 0001:0000f640 00000019H .text$_ZNSt3__117__compressed_pairIPNS_11__hash_nodeINS_17__hash_value_typeIPN6System7Typinfo9TTypeInfoEPSt9type_infoEEPvEENS_22__hash_node_destructorINS_9allocatorISB_EEEEE5firstB6v15007Ev CODE
 0001:0000f660 0000000bH .text$_ZNSt3__122__compressed_pair_elemIPNS_11__hash_nodeINS_17__hash_value_typeIPN6System7Typinfo9TTypeInfoEPSt9type_infoEEPvEELi0ELb0EE5__getB6v15007Ev CODE
 0001:0000f670 0000006aH .text$_ZNSt3__110unique_ptrINS_11__hash_nodeINS_17__hash_value_typeIPN6System7Typinfo9TTypeInfoEPSt9type_infoEEPvEENS_22__hash_node_destructorINS_9allocatorISB_EEEEE5resetB6v15007EPSB_ CODE
 0001:0000f6e0 00000089H .text$_ZNSt3__122__hash_node_destructorINS_9allocatorINS_11__hash_nodeINS_17__hash_value_typeIPN6System7Typinfo9TTypeInfoEPSt9type_infoEEPvEEEEEclB6v15007EPSC_ CODE
 0001:0000f770 00000040H .text$_ZNSt3__15tupleIJRKPN6System7Typinfo9TTypeInfoEEEC2B6v15007INS_4_AndELi0EEES6_ CODE
 0001:0000f7b0 00000039H .text$_ZNSt3__112__tuple_implINS_15__tuple_indicesIJLy0EEEEJRKPN6System7Typinfo9TTypeInfoEEEC2B6v15007IJLy0EEJS8_EJEJEJS8_EEENS1_IJXspT_EEEENS_13__tuple_typesIJDpT0_EEENS1_IJXspT1_EEEENSC_IJDpT2_EEEDpOT3_ CODE
 0001:0000f7f0 0000001eH .text$_ZNSt3__112__tuple_leafILy0ERKPN6System7Typinfo9TTypeInfoELb0EEC2B6v15007IS6_vEEOT_ CODE
 0001:0000f810 0000000bH .text$_ZNSt3__114pointer_traitsIPNS_17__hash_value_typeIPN6System7Typinfo9TTypeInfoEPSt9type_infoEEE10pointer_toB6v15007ERS8_ CODE
 0001:0000f820 0000002cH .text$_ZN6System11AnsiStringTILt65001EE4swapERS1_ CODE
 0001:0000f850 00002dd6H .text                   CODE
 0001:00012630 0000005bH .text$_ZN6System8_CharLenIwEEiPKT_ CODE
 0001:00012690 0000005bH .text$_ZN6System8_CharLenIDsEEiPKT_ CODE
 0001:000126f0 00000023H .text$_ZN6System14AnsiStringBaseC2ILt0EEEONS_11AnsiStringTIXT_EEE CODE
 0001:00012720 0000004dH .text$_ZNK6System14AnsiStringBase8CodePageEv CODE
 0001:00012770 0000003aH .text$_ZNK6System14AnsiStringBaseixEi CODE
 0001:000127b0 0000099bH .text                   CODE
 0001:00013150 0000001dH .text$_ZTWL16exception_object CODE
 0001:00013170 0000019cH .text                   CODE
 0002:00000000 00000008H .rdata$.refptr._MINGW_INSTALL_DEBUG_MATHERR DATA
 0002:00000008 00000008H .rdata$.refptr.__dyn_tls_init_callback DATA
 0002:00000010 00000008H .rdata$.refptr.__globallocalestatus DATA
 0002:00000018 00000008H .rdata$.refptr.__image_base__ DATA
 0002:00000020 00000008H .rdata$.refptr.__imp___winitenv DATA
 0002:00000028 00000008H .rdata$.refptr.__mingw_app_type DATA
 0002:00000030 00000008H .rdata$.refptr.__mingw_initltsdrot_force DATA
 0002:00000038 00000008H .rdata$.refptr.__mingw_initltsdyn_force DATA
 0002:00000040 00000008H .rdata$.refptr.__mingw_initltssuo_force DATA
 0002:00000048 00000008H .rdata$.refptr.__mingw_oldexcpt_handler DATA
 0002:00000050 00000008H .rdata$.refptr.__native_startup_lock DATA
 0002:00000058 00000008H .rdata$.refptr.__native_startup_state DATA
 0002:00000060 00000008H .rdata$.refptr.__xc_a   DATA
 0002:00000068 00000008H .rdata$.refptr.__xc_z   DATA
 0002:00000070 00000008H .rdata$.refptr.__xi_a   DATA
 0002:00000078 00000008H .rdata$.refptr.__xi_z   DATA
 0002:00000080 00000008H .rdata$.refptr._commode DATA
 0002:00000088 00000008H .rdata$.refptr._dowildcard DATA
 0002:00000090 00000008H .rdata$.refptr._fmode   DATA
 0002:00000098 00000008H .rdata$.refptr._hInstance DATA
 0002:000000a0 00000008H .rdata$.refptr._newmode DATA
 0002:000000a8 000059e9H .rdata                  DATA
 0002:00005a98 00000008H .rdata$.refptr.Form2    DATA
 0002:00005aa0 00000008H .rdata$.refptr.Form3    DATA
 0002:00005aa8 00000008H .rdata$.refptr._ZTRN6System8Sysutils9ExceptionE DATA
 0002:00005ab0 00000008H .rdata$.refptr._ZTV6TForm2 DATA
 0002:00005ab8 00000008H .rdata$.refptr._ZTV6TForm3 DATA
 0002:00005ac0 00000008H .rdata$.refptr._ZTV9TmainMenu DATA
 0002:00005ac8 00000008H .rdata$.refptr._ZTVN6System8Sysutils9ExceptionE DATA
 0002:00005ad0 00000008H .rdata$.refptr.mainMenu DATA
 0002:00005ae0 000006b6H .rdata                  DATA
 0002:000061a0 00000035H .rdata$_ZTR9TmainMenu   DATA
 0002:000061e0 000005bcH .rdata                  DATA
 0002:000067a0 00000032H .rdata$_ZTR6TForm2      DATA
 0002:000067e0 00000a3cH .rdata                  DATA
 0002:00007220 00000032H .rdata$_ZTR6TForm3      DATA
 0002:00007258 00000008H .rdata$.refptr._ZTVN3Vcl7Dialogs11TSaveDialogE DATA
 0002:00007260 00000008H .rdata$.refptr._ZTVN6System7Classes11TStringListE DATA
 0002:00007268 00000012H .rdata                  DATA
 0002:00007280 00000008H .rdata$.refptr.__imp__tzset DATA
 0002:00007288 00000008H .rdata$.refptr.__mingw_module_is_dll DATA
 0002:00007290 00000008H .rdata$.refptr.__CTOR_LIST__ DATA
 0002:00007298 00000038H .rdata                  DATA
 0002:000072d0 00000008H .rdata$.refptr._CRT_MT  DATA
 0002:000072d8 00000255H .rdata                  DATA
 0002:00007530 00000008H .rdata$.refptr.__RUNTIME_PSEUDO_RELOC_LIST_END__ DATA
 0002:00007538 00000008H .rdata$.refptr.__RUNTIME_PSEUDO_RELOC_LIST__ DATA
 0002:00007540 00000008H .rdata$.refptr._ZN6System10_init_instE DATA
 0002:00007548 00000008H .rdata$.refptr._ZTRN6System8Sysutils11ERangeErrorE DATA
 0002:00007550 00000008H .rdata$.refptr._ZTVN6System8Sysutils11ERangeErrorE DATA
 0002:00007558 000001b2H .rdata                  DATA
 0002:0000770a 00000019H .rdata$_ZTSSt20bad_array_new_length DATA
 0002:00007723 0000000dH .rdata$_ZTSSt9bad_alloc DATA
 0002:00007730 0000000dH .rdata$_ZTSSt9exception DATA
 0002:00007740 00000010H .rdata$_ZTISt9exception DATA
 0002:00007750 00000018H .rdata$_ZTISt9bad_alloc DATA
 0002:00007768 00000018H .rdata$_ZTISt20bad_array_new_length DATA
 0002:00007780 0000006dH .rdata                  DATA
 0002:000077f0 00000008H .rdata$.refptr.__EMBT_INIT_LIST_BEGIN__ DATA
 0002:000077f8 00000008H .rdata$.refptr.__EMBT_INIT_LIST_END__ DATA
 0002:00007800 00000008H .rdata$.refptr.__isDLL  DATA
 0002:00007808 00000008H .rdata$.refptr.__isGUI  DATA
 0002:00007810 00000008H .rdata$.refptr.__isVCLPackage DATA
 0002:00007818 000003a0H .rdata                  DATA
 0002:00007c30 00000008H .CRT$XCA                DATA
 0002:00007c38 00000008H .CRT$XCAA               DATA
 0002:00007c40 00000008H .CRT$XCZ                DATA
 0002:00007c48 00000008H .CRT$XDA                DATA
 0002:00007c50 00000008H .CRT$XDZ                DATA
 0002:00007c58 00000008H .CRT$XIA                DATA
 0002:00007c60 00000008H .CRT$XIAA               DATA
 0002:00007c68 00000008H .CRT$XIZ                DATA
 0002:00007c70 00000008H .CRT$XLA                DATA
 0002:00007c78 00000008H .CRT$XLC                DATA
 0002:00007c80 00000008H .CRT$XLD                DATA
 0002:00007c88 00000008H .CRT$XLZ                DATA
 0002:00007c98 00000008H .ctors.65435            DATA
 0002:00007ca0 00000010H .ctors.65534            DATA
 0002:00007cc0 00000008H .dtors.65435            DATA
 0002:0000e1ac 00000258H .xdata                  DATA
 0002:0000e404 00000008H .xdata$_ZN6System7Classes15TComponentClassC1EPNS_10TMetaClassE DATA
 0002:0000e40c 00000008H .xdata$_ZN6System7Classes15TComponentClassC2EPNS_10TMetaClassE DATA
 0002:0000e414 00000008H .xdata$_ZN6System15DelphiMetaClassINS_7Classes15TComponentClassEEC2EPNS_10TMetaClassE DATA
 0002:0000e41c 00000068H .xdata                  DATA
 0002:0000e484 00000008H .xdata$_ZN3Vcl5Forms5TFormC3EPN6System7Classes10TComponentE DATA
 0002:0000e48c 00000008H .xdata$_ZN6System3SetINS_7Uitypes10TMsgDlgBtnELS2_0ELS2_11EEC1Ev DATA
 0002:0000e494 00000008H .xdata$_ZN6System3SetINS_7Uitypes10TMsgDlgBtnELS2_0ELS2_11EElsES2_ DATA
 0002:0000e49c 00000008H .xdata$_ZN9TmainMenuD0Ev DATA
 0002:0000e4a4 00000008H .xdata$_ZN3Vcl5Forms5TFormC3EPN6System7Classes10TComponentEi DATA
 0002:0000e4ac 00000008H .xdata$_ZN3Vcl5Forms5TFormC3EPN6System7Classes10TComponentEii DATA
 0002:0000e4b4 00000008H .xdata$_ZN3Vcl5Forms5TFormD0Ev DATA
 0002:0000e4bc 00000008H .xdata$_ZN6System3SetINS_7Uitypes10TMsgDlgBtnELS2_0ELS2_11EEC2Ev DATA
 0002:0000e4c4 00000010H .xdata                  DATA
 0002:0000e4d4 00000008H .xdata$_ZN6TForm2D0Ev   DATA
 0002:0000e4dc 000002f4H .xdata                  DATA
 0002:0000e7d0 00000020H .xdata$_ZN6System13UnicodeStringaSEOS0_ DATA
 0002:0000e7f0 00000008H .xdata$_ZNK6System13UnicodeString7IsEmptyEv DATA
 0002:0000e7f8 00000020H .xdata$_ZN6System13UnicodeStringaSEOS0_ DATA
 0002:0000e818 00000008H .xdata$_ZN3Vcl7Dialogs11TSaveDialogC3EPN6System7Classes10TComponentE DATA
 0002:0000e820 00000008H .xdata$_ZN6TForm3D0Ev   DATA
 0002:0000e828 00000538H .xdata                  DATA
 0002:0000ed60 00000020H .xdata$_ZN6System8Sysutils11ERangeErrorC3ENS_13UnicodeStringE DATA
 0002:0000ed80 00000020H .xdata$_ZN6System11AnsiStringTILt0EED2Ev DATA
 0002:0000eda0 00000020H .xdata$_ZN6System13UnicodeStringaSEOS0_ DATA
 0002:0000edc0 00000020H .xdata$_ZN6System8Sysutils9EIntErrorC3ENS_13UnicodeStringE DATA
 0002:0000ede0 00000020H .xdata$_ZN6System8Sysutils9EExternalC3ENS_13UnicodeStringE DATA
 0002:0000ee00 00000020H .xdata$_ZN6System8Sysutils11ERangeErrorC3ENS_13UnicodeStringE DATA
 0002:0000ee20 00000008H .xdata$_ZN6System8Sysutils11ERangeErrorD0Ev DATA
 0002:0000ee28 00000008H .xdata$_ZN6System11WideCharLenIwEEiPKT_ DATA
 0002:0000ee30 00000008H .xdata$_ZN6System11WideCharLenIDsEEiPKT_ DATA
 0002:0000ee38 00000008H .xdata$_ZN6System11AnsiStringTILt0EEC2EPKci DATA
 0002:0000ee40 00000020H .xdata$_ZN6System11AnsiStringTILt0EED2Ev DATA
 0002:0000ee60 00000008H .xdata$_ZN6System11AnsiStringTILt0EEC2Ev DATA
 0002:0000ee68 00000008H .xdata$_ZN6System13UnicodeStringC2ILt0EEERKNS_11AnsiStringTIXT_EEE DATA
 0002:0000ee70 00000020H .xdata$_ZN6System8Sysutils9EIntErrorC3ENS_13UnicodeStringE DATA
 0002:0000ee90 00000020H .xdata$_ZN6System8Sysutils9EExternalC3ENS_13UnicodeStringE DATA
 0002:0000eeb0 00000008H .xdata$_ZN6System8Sysutils9EIntErrorD0Ev DATA
 0002:0000eeb8 00000008H .xdata$_ZN6System8Sysutils9EExternalD0Ev DATA
 0002:0000eec0 00000008H .xdata$_ZN6System11AnsiStringTILt0EEC2ERKS1_ DATA
 0002:0000eec8 00000008H .xdata$_ZN6System14AnsiStringBaseC2Ev DATA
 0002:0000eed0 000001ccH .xdata                  DATA
 0002:0000f09c 00000020H .xdata$_ZN6System15DelphiInterfaceINS_10IInterfaceEED2Ev DATA
 0002:0000f0bc 00000020H .xdata$_ZNSt3__113unordered_mapIPN6System7Typinfo9TTypeInfoEPSt9type_infoNS_4hashIS4_EENS_8equal_toIS4_EENS_9allocatorINS_4pairIKS4_S6_EEEEEC2B6v15007Ev DATA
 0002:0000f0dc 00000018H .xdata$_ZNK6System11AnsiStringTILt65001EEplERKS1_ DATA
 0002:0000f0f4 00000020H .xdata$_ZN6System11AnsiStringTILt65001EEaSEOS1_ DATA
 0002:0000f114 00000020H .xdata$_ZNSt3__112__hash_tableINS_17__hash_value_typeIPN6System7Typinfo9TTypeInfoEPSt9type_infoEENS_22__unordered_map_hasherIS5_S8_NS_4hashIS5_EENS_8equal_toIS5_EELb1EEENS_21__unordered_map_equalIS5_S8_SD_SB_Lb1EEENS_9allocatorIS8_EEEC2Ev DATA
 0002:0000f134 00000020H .xdata$_ZNSt3__110unique_ptrIA_PNS_16__hash_node_baseIPNS_11__hash_nodeINS_17__hash_value_typeIPN6System7Typinfo9TTypeInfoEPSt9type_infoEEPvEEEENS_25__bucket_list_deallocatorINS_9allocatorISF_EEEEEC2B6v15007ILb1EvEEv DATA
 0002:0000f154 00000020H .xdata$_ZNSt3__125__bucket_list_deallocatorINS_9allocatorIPNS_16__hash_node_baseIPNS_11__hash_nodeINS_17__hash_value_typeIPN6System7Typinfo9TTypeInfoEPSt9type_infoEEPvEEEEEEEC2B6v15007Ev DATA
 0002:0000f174 00000020H .xdata$_ZNSt3__112__hash_tableINS_17__hash_value_typeIPN6System7Typinfo9TTypeInfoEPSt9type_infoEENS_22__unordered_map_hasherIS5_S8_NS_4hashIS5_EENS_8equal_toIS5_EELb1EEENS_21__unordered_map_equalIS5_S8_SD_SB_Lb1EEENS_9allocatorIS8_EEED2Ev DATA
 0002:0000f194 00000020H .xdata$_ZNSt3__112__hash_tableINS_17__hash_value_typeIPN6System7Typinfo9TTypeInfoEPSt9type_infoEENS_22__unordered_map_hasherIS5_S8_NS_4hashIS5_EENS_8equal_toIS5_EELb1EEENS_21__unordered_map_equalIS5_S8_SD_SB_Lb1EEENS_9allocatorIS8_EEE17__deallocate_nodeEPNS_16__hash_node_baseIPNS_11__hash_nodeIS8_PvEEEE DATA
 0002:0000f1b4 00000020H .xdata$_ZNSt3__19allocatorINS_11__hash_nodeINS_17__hash_value_typeIPN6System7Typinfo9TTypeInfoEPSt9type_infoEEPvEEE10deallocateB6v15007EPSB_y DATA
 0002:0000f1d4 00000020H .xdata$_ZNSt3__19allocatorIPNS_16__hash_node_baseIPNS_11__hash_nodeINS_17__hash_value_typeIPN6System7Typinfo9TTypeInfoEPSt9type_infoEEPvEEEEE10deallocateB6v15007EPSF_y DATA
 0002:0000f1f4 00000024H .xdata$_ZNSt3__112__hash_tableINS_17__hash_value_typeIPN6System7Typinfo9TTypeInfoEPSt9type_infoEENS_22__unordered_map_hasherIS5_S8_NS_4hashIS5_EENS_8equal_toIS5_EELb1EEENS_21__unordered_map_equalIS5_S8_SD_SB_Lb1EEENS_9allocatorIS8_EEE25__emplace_unique_key_argsIS5_JRKNS_21piecewise_construct_tENS_5tupleIJRKS5_EEENSO_IJEEEEEENS_4pairINS_15__hash_iteratorIPNS_11__hash_nodeIS8_PvEEEEbEERKT_DpOT0_ DATA
 0002:0000f218 00000024H .xdata$_ZNSt3__112__hash_tableINS_17__hash_value_typeIPN6System7Typinfo9TTypeInfoEPSt9type_infoEENS_22__unordered_map_hasherIS5_S8_NS_4hashIS5_EENS_8equal_toIS5_EELb1EEENS_21__unordered_map_equalIS5_S8_SD_SB_Lb1EEENS_9allocatorIS8_EEE21__construct_node_hashIRKNS_21piecewise_construct_tEJNS_5tupleIJRKS5_EEENSO_IJEEEEEENS_10unique_ptrINS_11__hash_nodeIS8_PvEENS_22__hash_node_destructorINSH_ISW_EEEEEEyOT_DpOT0_ DATA
 0002:0000f23c 00000020H .xdata$_ZNKSt3__14hashIPN6System7Typinfo9TTypeInfoEEclB6v15007ES4_ DATA
 0002:0000f25c 00000020H .xdata$_ZNSt3__110unique_ptrINS_11__hash_nodeINS_17__hash_value_typeIPN6System7Typinfo9TTypeInfoEPSt9type_infoEEPvEENS_22__hash_node_destructorINS_9allocatorISB_EEEEEC2B6v15007ILb1EvEEPSB_NS_16__dependent_typeINS_27__unique_ptr_deleter_sfinaeISF_EEXT_EE20__good_rval_ref_typeE DATA
 0002:0000f27c 00000020H .xdata$_ZNSt3__14pairIKPN6System7Typinfo9TTypeInfoEPSt9type_infoEC2B6v15007IJRS5_EJEEENS_21piecewise_construct_tENS_5tupleIJDpT_EEENSC_IJDpT0_EEE DATA
 0002:0000f29c 00000020H .xdata$_ZNSt3__122__hash_node_destructorINS_9allocatorINS_11__hash_nodeINS_17__hash_value_typeIPN6System7Typinfo9TTypeInfoEPSt9type_infoEEPvEEEEEclB6v15007EPSC_ DATA
 0002:0000f2bc 00000008H .xdata$_ZN6System15DelphiInterfaceINS_10IInterfaceEEadEv DATA
 0002:0000f2c4 00000020H .xdata$_ZN6System15DelphiInterfaceINS_10IInterfaceEED2Ev DATA
 0002:0000f2e4 00000008H .xdata$_ZNSt3__110lock_guardINS_5mutexEEC2B6v15007ERS1_ DATA
 0002:0000f2ec 00000020H .xdata$_ZNSt3__113unordered_mapIPN6System7Typinfo9TTypeInfoEPSt9type_infoNS_4hashIS4_EENS_8equal_toIS4_EENS_9allocatorINS_4pairIKS4_S6_EEEEEC2B6v15007Ev DATA
 0002:0000f30c 00000008H .xdata$_ZNSt3__113unordered_mapIPN6System7Typinfo9TTypeInfoEPSt9type_infoNS_4hashIS4_EENS_8equal_toIS4_EENS_9allocatorINS_4pairIKS4_S6_EEEEED2B6v15007Ev DATA
 0002:0000f314 00000008H .xdata$_ZNSt3__113unordered_mapIPN6System7Typinfo9TTypeInfoEPSt9type_infoNS_4hashIS4_EENS_8equal_toIS4_EENS_9allocatorINS_4pairIKS4_S6_EEEEEixERSD_ DATA
 0002:0000f31c 00000008H .xdata$_ZN6System11AnsiStringTILt65001EEC2ERKNS_13UnicodeStringE DATA
 0002:0000f324 00000018H .xdata$_ZNK6System11AnsiStringTILt65001EEplERKS1_ DATA
 0002:0000f33c 00000008H .xdata$_ZN6System11AnsiStringTILt65001EEC2EPKc DATA
 0002:0000f344 00000008H .xdata$_ZN6System11AnsiStringTILt65001EEC2Ev DATA
 0002:0000f34c 00000020H .xdata$_ZN6System11AnsiStringTILt65001EEaSEOS1_ DATA
 0002:0000f36c 00000008H .xdata$_ZN6System11AnsiStringTILt65001EED2Ev DATA
 0002:0000f374 00000008H .xdata$_ZN10__cxxabiv117__class_type_infoC2Ev DATA
 0002:0000f37c 00000008H .xdata$_ZNK6System11AnsiStringTILt65001EE5c_strEv DATA
 0002:0000f384 00000008H .xdata$_ZNSt3__110lock_guardINS_5mutexEED2B6v15007Ev DATA
 0002:0000f38c 00000008H .xdata$_ZN10__cxxabiv116__shim_type_infoC2Ev DATA
 0002:0000f394 00000020H .xdata$_ZNSt3__112__hash_tableINS_17__hash_value_typeIPN6System7Typinfo9TTypeInfoEPSt9type_infoEENS_22__unordered_map_hasherIS5_S8_NS_4hashIS5_EENS_8equal_toIS5_EELb1EEENS_21__unordered_map_equalIS5_S8_SD_SB_Lb1EEENS_9allocatorIS8_EEEC2Ev DATA
 0002:0000f3b4 00000008H .xdata$_ZNSt3__119__debug_db_insert_cB6v15007INS_13unordered_mapIPN6System7Typinfo9TTypeInfoEPSt9type_infoNS_4hashIS5_EENS_8equal_toIS5_EENS_9allocatorINS_4pairIKS5_S7_EEEEEEEEvPT_ DATA
 0002:0000f3bc 00000020H .xdata$_ZNSt3__110unique_ptrIA_PNS_16__hash_node_baseIPNS_11__hash_nodeINS_17__hash_value_typeIPN6System7Typinfo9TTypeInfoEPSt9type_infoEEPvEEEENS_25__bucket_list_deallocatorINS_9allocatorISF_EEEEEC2B6v15007ILb1EvEEv DATA
 0002:0000f3dc 00000008H .xdata$_ZNSt3__117__compressed_pairINS_16__hash_node_baseIPNS_11__hash_nodeINS_17__hash_value_typeIPN6System7Typinfo9TTypeInfoEPSt9type_infoEEPvEEEENS_9allocatorISC_EEEC2B6v15007ILb1EvEEv DATA
 0002:0000f3e4 00000008H .xdata$_ZNSt3__117__compressed_pairIyNS_22__unordered_map_hasherIPN6System7Typinfo9TTypeInfoENS_17__hash_value_typeIS5_PSt9type_infoEENS_4hashIS5_EENS_8equal_toIS5_EELb1EEEEC2B6v15007IiNS_18__default_init_tagEEEOT_OT0_ DATA
 0002:0000f3ec 00000008H .xdata$_ZNSt3__117__compressed_pairIfNS_21__unordered_map_equalIPN6System7Typinfo9TTypeInfoENS_17__hash_value_typeIS5_PSt9type_infoEENS_8equal_toIS5_EENS_4hashIS5_EELb1EEEEC2B6v15007IfNS_18__default_init_tagEEEOT_OT0_ DATA
 0002:0000f3f4 00000008H .xdata$_ZNSt3__117__compressed_pairIPPNS_16__hash_node_baseIPNS_11__hash_nodeINS_17__hash_value_typeIPN6System7Typinfo9TTypeInfoEPSt9type_infoEEPvEEEENS_25__bucket_list_deallocatorINS_9allocatorISF_EEEEEC2B6v15007INS_16__value_init_tagESN_EEOT_OT0_ DATA
 0002:0000f3fc 00000008H .xdata$_ZNSt3__122__compressed_pair_elemIPPNS_16__hash_node_baseIPNS_11__hash_nodeINS_17__hash_value_typeIPN6System7Typinfo9TTypeInfoEPSt9type_infoEEPvEEEELi0ELb0EEC2B6v15007ENS_16__value_init_tagE DATA
 0002:0000f404 00000008H .xdata$_ZNSt3__122__compressed_pair_elemINS_25__bucket_list_deallocatorINS_9allocatorIPNS_16__hash_node_baseIPNS_11__hash_nodeINS_17__hash_value_typeIPN6System7Typinfo9TTypeInfoEPSt9type_infoEEPvEEEEEEEELi1ELb0EEC2B6v15007ENS_16__value_init_tagE DATA
 0002:0000f40c 00000020H .xdata$_ZNSt3__125__bucket_list_deallocatorINS_9allocatorIPNS_16__hash_node_baseIPNS_11__hash_nodeINS_17__hash_value_typeIPN6System7Typinfo9TTypeInfoEPSt9type_infoEEPvEEEEEEEC2B6v15007Ev DATA
 0002:0000f42c 00000008H .xdata$_ZNSt3__117__compressed_pairIyNS_9allocatorIPNS_16__hash_node_baseIPNS_11__hash_nodeINS_17__hash_value_typeIPN6System7Typinfo9TTypeInfoEPSt9type_infoEEPvEEEEEEEC2B6v15007IiNS_18__default_init_tagEEEOT_OT0_ DATA
 0002:0000f434 00000008H .xdata$_ZNSt3__122__compressed_pair_elemIyLi0ELb0EEC2B6v15007IivEEOT_ DATA
 0002:0000f43c 00000008H .xdata$_ZNSt3__122__compressed_pair_elemINS_9allocatorIPNS_16__hash_node_baseIPNS_11__hash_nodeINS_17__hash_value_typeIPN6System7Typinfo9TTypeInfoEPSt9type_infoEEPvEEEEEELi1ELb1EEC2B6v15007ENS_18__default_init_tagE DATA
 0002:0000f444 00000008H .xdata$_ZNSt3__19allocatorIPNS_16__hash_node_baseIPNS_11__hash_nodeINS_17__hash_value_typeIPN6System7Typinfo9TTypeInfoEPSt9type_infoEEPvEEEEEC2B6v15007Ev DATA
 0002:0000f44c 00000008H .xdata$_ZNSt3__116__non_trivial_ifILb1ENS_9allocatorIPNS_16__hash_node_baseIPNS_11__hash_nodeINS_17__hash_value_typeIPN6System7Typinfo9TTypeInfoEPSt9type_infoEEPvEEEEEEEC2B6v15007Ev DATA
 0002:0000f454 00000008H .xdata$_ZNSt3__122__compressed_pair_elemINS_16__hash_node_baseIPNS_11__hash_nodeINS_17__hash_value_typeIPN6System7Typinfo9TTypeInfoEPSt9type_infoEEPvEEEELi0ELb0EEC2B6v15007ENS_16__value_init_tagE DATA
 0002:0000f45c 00000008H .xdata$_ZNSt3__122__compressed_pair_elemINS_9allocatorINS_11__hash_nodeINS_17__hash_value_typeIPN6System7Typinfo9TTypeInfoEPSt9type_infoEEPvEEEELi1ELb1EEC2B6v15007ENS_16__value_init_tagE DATA
 0002:0000f464 00000008H .xdata$_ZNSt3__116__hash_node_baseIPNS_11__hash_nodeINS_17__hash_value_typeIPN6System7Typinfo9TTypeInfoEPSt9type_infoEEPvEEEC2B6v15007Ev DATA
 0002:0000f46c 00000008H .xdata$_ZNSt3__19allocatorINS_11__hash_nodeINS_17__hash_value_typeIPN6System7Typinfo9TTypeInfoEPSt9type_infoEEPvEEEC2B6v15007Ev DATA
 0002:0000f474 00000008H .xdata$_ZNSt3__116__non_trivial_ifILb1ENS_9allocatorINS_11__hash_nodeINS_17__hash_value_typeIPN6System7Typinfo9TTypeInfoEPSt9type_infoEEPvEEEEEC2B6v15007Ev DATA
 0002:0000f47c 00000008H .xdata$_ZNSt3__122__compressed_pair_elemINS_22__unordered_map_hasherIPN6System7Typinfo9TTypeInfoENS_17__hash_value_typeIS5_PSt9type_infoEENS_4hashIS5_EENS_8equal_toIS5_EELb1EEELi1ELb1EEC2B6v15007ENS_18__default_init_tagE DATA
 0002:0000f484 00000008H .xdata$_ZNSt3__122__unordered_map_hasherIPN6System7Typinfo9TTypeInfoENS_17__hash_value_typeIS4_PSt9type_infoEENS_4hashIS4_EENS_8equal_toIS4_EELb1EEC2B6v15007Ev DATA
 0002:0000f48c 00000008H .xdata$_ZNSt3__122__compressed_pair_elemIfLi0ELb0EEC2B6v15007IfvEEOT_ DATA
 0002:0000f494 00000008H .xdata$_ZNSt3__122__compressed_pair_elemINS_21__unordered_map_equalIPN6System7Typinfo9TTypeInfoENS_17__hash_value_typeIS5_PSt9type_infoEENS_8equal_toIS5_EENS_4hashIS5_EELb1EEELi1ELb1EEC2B6v15007ENS_18__default_init_tagE DATA
 0002:0000f49c 00000008H .xdata$_ZNSt3__121__unordered_map_equalIPN6System7Typinfo9TTypeInfoENS_17__hash_value_typeIS4_PSt9type_infoEENS_8equal_toIS4_EENS_4hashIS4_EELb1EEC2B6v15007Ev DATA
 0002:0000f4a4 00000020H .xdata$_ZNSt3__112__hash_tableINS_17__hash_value_typeIPN6System7Typinfo9TTypeInfoEPSt9type_infoEENS_22__unordered_map_hasherIS5_S8_NS_4hashIS5_EENS_8equal_toIS5_EELb1EEENS_21__unordered_map_equalIS5_S8_SD_SB_Lb1EEENS_9allocatorIS8_EEED2Ev DATA
 0002:0000f4c4 00000020H .xdata$_ZNSt3__112__hash_tableINS_17__hash_value_typeIPN6System7Typinfo9TTypeInfoEPSt9type_infoEENS_22__unordered_map_hasherIS5_S8_NS_4hashIS5_EENS_8equal_toIS5_EELb1EEENS_21__unordered_map_equalIS5_S8_SD_SB_Lb1EEENS_9allocatorIS8_EEE17__deallocate_nodeEPNS_16__hash_node_baseIPNS_11__hash_nodeIS8_PvEEEE DATA
 0002:0000f4e4 00000008H .xdata$_ZNSt3__117__compressed_pairINS_16__hash_node_baseIPNS_11__hash_nodeINS_17__hash_value_typeIPN6System7Typinfo9TTypeInfoEPSt9type_infoEEPvEEEENS_9allocatorISC_EEE5firstB6v15007Ev DATA
 0002:0000f4ec 00000008H .xdata$_ZNSt3__118__debug_db_erase_cB6v15007INS_12__hash_tableINS_17__hash_value_typeIPN6System7Typinfo9TTypeInfoEPSt9type_infoEENS_22__unordered_map_hasherIS6_S9_NS_4hashIS6_EENS_8equal_toIS6_EELb1EEENS_21__unordered_map_equalIS6_S9_SE_SC_Lb1EEENS_9allocatorIS9_EEEEEEvPT_ DATA
 0002:0000f4f4 00000008H .xdata$_ZNSt3__110unique_ptrIA_PNS_16__hash_node_baseIPNS_11__hash_nodeINS_17__hash_value_typeIPN6System7Typinfo9TTypeInfoEPSt9type_infoEEPvEEEENS_25__bucket_list_deallocatorINS_9allocatorISF_EEEEED2B6v15007Ev DATA
 0002:0000f4fc 00000008H .xdata$_ZNSt3__112__hash_tableINS_17__hash_value_typeIPN6System7Typinfo9TTypeInfoEPSt9type_infoEENS_22__unordered_map_hasherIS5_S8_NS_4hashIS5_EENS_8equal_toIS5_EELb1EEENS_21__unordered_map_equalIS5_S8_SD_SB_Lb1EEENS_9allocatorIS8_EEE12__node_allocB6v15007Ev DATA
 0002:0000f504 00000008H .xdata$_ZNSt3__116__hash_node_baseIPNS_11__hash_nodeINS_17__hash_value_typeIPN6System7Typinfo9TTypeInfoEPSt9type_infoEEPvEEE8__upcastB6v15007Ev DATA
 0002:0000f50c 00000008H .xdata$_ZNSt3__116allocator_traitsINS_9allocatorINS_11__hash_nodeINS_17__hash_value_typeIPN6System7Typinfo9TTypeInfoEPSt9type_infoEEPvEEEEE7destroyB6v15007INS_4pairIKS7_S9_EEvvEEvRSD_PT_ DATA
 0002:0000f514 00000008H .xdata$_ZNSt3__122__hash_key_value_typesINS_17__hash_value_typeIPN6System7Typinfo9TTypeInfoEPSt9type_infoEEE9__get_ptrB6v15007ERS8_ DATA
 0002:0000f51c 00000008H .xdata$_ZNSt3__116allocator_traitsINS_9allocatorINS_11__hash_nodeINS_17__hash_value_typeIPN6System7Typinfo9TTypeInfoEPSt9type_infoEEPvEEEEE10deallocateB6v15007ERSD_PSC_y DATA
 0002:0000f524 00000008H .xdata$_ZNSt3__117__compressed_pairINS_16__hash_node_baseIPNS_11__hash_nodeINS_17__hash_value_typeIPN6System7Typinfo9TTypeInfoEPSt9type_infoEEPvEEEENS_9allocatorISC_EEE6secondB6v15007Ev DATA
 0002:0000f52c 00000008H .xdata$_ZNSt3__122__compressed_pair_elemINS_9allocatorINS_11__hash_nodeINS_17__hash_value_typeIPN6System7Typinfo9TTypeInfoEPSt9type_infoEEPvEEEELi1ELb1EE5__getB6v15007Ev DATA
 0002:0000f534 00000008H .xdata$_ZNSt3__114pointer_traitsIPNS_16__hash_node_baseIPNS_11__hash_nodeINS_17__hash_value_typeIPN6System7Typinfo9TTypeInfoEPSt9type_infoEEPvEEEEE10pointer_toB6v15007ERSE_ DATA
 0002:0000f53c 00000008H .xdata$_ZNSt3__117__hash_value_typeIPN6System7Typinfo9TTypeInfoEPSt9type_infoE11__get_valueB6v15007Ev DATA
 0002:0000f544 00000008H .xdata$_ZNSt3__17launderB6v15007INS_4pairIKPN6System7Typinfo9TTypeInfoEPSt9type_infoEEEEPT_SB_ DATA
 0002:0000f54c 00000008H .xdata$_ZNSt3__19__launderB6v15007INS_4pairIKPN6System7Typinfo9TTypeInfoEPSt9type_infoEEEEPT_SB_ DATA
 0002:0000f554 00000020H .xdata$_ZNSt3__19allocatorINS_11__hash_nodeINS_17__hash_value_typeIPN6System7Typinfo9TTypeInfoEPSt9type_infoEEPvEEE10deallocateB6v15007EPSB_y DATA
 0002:0000f574 00000008H .xdata$_ZNSt3__119__libcpp_deallocateB6v15007EPvyy DATA
 0002:0000f57c 00000008H .xdata$_ZNSt3__124__is_overaligned_for_newB6v15007Ey DATA
 0002:0000f584 00000008H .xdata$_ZNSt3__127__do_deallocate_handle_sizeB6v15007IJSt11align_val_tEEEvPvyDpT_ DATA
 0002:0000f58c 00000008H .xdata$_ZNSt3__127__do_deallocate_handle_sizeB6v15007IJEEEvPvyDpT_ DATA
 0002:0000f594 00000008H .xdata$_ZNSt3__124__libcpp_operator_deleteB6v15007IJPvSt11align_val_tEEEvDpT_ DATA
 0002:0000f59c 00000008H .xdata$_ZNSt3__124__libcpp_operator_deleteB6v15007IJPvEEEvDpT_ DATA
 0002:0000f5a4 00000008H .xdata$_ZNSt3__122__compressed_pair_elemINS_16__hash_node_baseIPNS_11__hash_nodeINS_17__hash_value_typeIPN6System7Typinfo9TTypeInfoEPSt9type_infoEEPvEEEELi0ELb0EE5__getB6v15007Ev DATA
 0002:0000f5ac 00000008H .xdata$_ZNSt3__110unique_ptrIA_PNS_16__hash_node_baseIPNS_11__hash_nodeINS_17__hash_value_typeIPN6System7Typinfo9TTypeInfoEPSt9type_infoEEPvEEEENS_25__bucket_list_deallocatorINS_9allocatorISF_EEEEE5resetB6v15007EDn DATA
 0002:0000f5b4 00000008H .xdata$_ZNSt3__117__compressed_pairIPPNS_16__hash_node_baseIPNS_11__hash_nodeINS_17__hash_value_typeIPN6System7Typinfo9TTypeInfoEPSt9type_infoEEPvEEEENS_25__bucket_list_deallocatorINS_9allocatorISF_EEEEE5firstB6v15007Ev DATA
 0002:0000f5bc 00000008H .xdata$_ZNSt3__117__compressed_pairIPPNS_16__hash_node_baseIPNS_11__hash_nodeINS_17__hash_value_typeIPN6System7Typinfo9TTypeInfoEPSt9type_infoEEPvEEEENS_25__bucket_list_deallocatorINS_9allocatorISF_EEEEE6secondB6v15007Ev DATA
 0002:0000f5c4 00000008H .xdata$_ZNSt3__125__bucket_list_deallocatorINS_9allocatorIPNS_16__hash_node_baseIPNS_11__hash_nodeINS_17__hash_value_typeIPN6System7Typinfo9TTypeInfoEPSt9type_infoEEPvEEEEEEEclB6v15007EPSG_ DATA
 0002:0000f5cc 00000008H .xdata$_ZNSt3__122__compressed_pair_elemIPPNS_16__hash_node_baseIPNS_11__hash_nodeINS_17__hash_value_typeIPN6System7Typinfo9TTypeInfoEPSt9type_infoEEPvEEEELi0ELb0EE5__getB6v15007Ev DATA
 0002:0000f5d4 00000008H .xdata$_ZNSt3__122__compressed_pair_elemINS_25__bucket_list_deallocatorINS_9allocatorIPNS_16__hash_node_baseIPNS_11__hash_nodeINS_17__hash_value_typeIPN6System7Typinfo9TTypeInfoEPSt9type_infoEEPvEEEEEEEELi1ELb0EE5__getB6v15007Ev DATA
 0002:0000f5dc 00000008H .xdata$_ZNSt3__116allocator_traitsINS_9allocatorIPNS_16__hash_node_baseIPNS_11__hash_nodeINS_17__hash_value_typeIPN6System7Typinfo9TTypeInfoEPSt9type_infoEEPvEEEEEEE10deallocateB6v15007ERSH_PSG_y DATA
 0002:0000f5e4 00000008H .xdata$_ZNSt3__125__bucket_list_deallocatorINS_9allocatorIPNS_16__hash_node_baseIPNS_11__hash_nodeINS_17__hash_value_typeIPN6System7Typinfo9TTypeInfoEPSt9type_infoEEPvEEEEEEE7__allocB6v15007Ev DATA
 0002:0000f5ec 00000008H .xdata$_ZNSt3__125__bucket_list_deallocatorINS_9allocatorIPNS_16__hash_node_baseIPNS_11__hash_nodeINS_17__hash_value_typeIPN6System7Typinfo9TTypeInfoEPSt9type_infoEEPvEEEEEEE4sizeB6v15007Ev DATA
 0002:0000f5f4 00000020H .xdata$_ZNSt3__19allocatorIPNS_16__hash_node_baseIPNS_11__hash_nodeINS_17__hash_value_typeIPN6System7Typinfo9TTypeInfoEPSt9type_infoEEPvEEEEE10deallocateB6v15007EPSF_y DATA
 0002:0000f614 00000008H .xdata$_ZNSt3__117__compressed_pairIyNS_9allocatorIPNS_16__hash_node_baseIPNS_11__hash_nodeINS_17__hash_value_typeIPN6System7Typinfo9TTypeInfoEPSt9type_infoEEPvEEEEEEE6secondB6v15007Ev DATA
 0002:0000f61c 00000008H .xdata$_ZNSt3__122__compressed_pair_elemINS_9allocatorIPNS_16__hash_node_baseIPNS_11__hash_nodeINS_17__hash_value_typeIPN6System7Typinfo9TTypeInfoEPSt9type_infoEEPvEEEEEELi1ELb1EE5__getB6v15007Ev DATA
 0002:0000f624 00000008H .xdata$_ZNSt3__117__compressed_pairIyNS_9allocatorIPNS_16__hash_node_baseIPNS_11__hash_nodeINS_17__hash_value_typeIPN6System7Typinfo9TTypeInfoEPSt9type_infoEEPvEEEEEEE5firstB6v15007Ev DATA
 0002:0000f62c 00000008H .xdata$_ZNSt3__122__compressed_pair_elemIyLi0ELb0EE5__getB6v15007Ev DATA
 0002:0000f634 00000024H .xdata$_ZNSt3__112__hash_tableINS_17__hash_value_typeIPN6System7Typinfo9TTypeInfoEPSt9type_infoEENS_22__unordered_map_hasherIS5_S8_NS_4hashIS5_EENS_8equal_toIS5_EELb1EEENS_21__unordered_map_equalIS5_S8_SD_SB_Lb1EEENS_9allocatorIS8_EEE25__emplace_unique_key_argsIS5_JRKNS_21piecewise_construct_tENS_5tupleIJRKS5_EEENSO_IJEEEEEENS_4pairINS_15__hash_iteratorIPNS_11__hash_nodeIS8_PvEEEEbEERKT_DpOT0_ DATA
 0002:0000f658 00000008H .xdata$_ZNSt3__116forward_as_tupleB6v15007IJRKPN6System7Typinfo9TTypeInfoEEEENS_5tupleIJDpOT_EEESA_ DATA
 0002:0000f660 00000008H .xdata$_ZNSt3__116forward_as_tupleB6v15007IJEEENS_5tupleIJDpOT_EEES4_ DATA
 0002:0000f668 00000008H .xdata$_ZNKSt3__115__hash_iteratorIPNS_11__hash_nodeINS_17__hash_value_typeIPN6System7Typinfo9TTypeInfoEPSt9type_infoEEPvEEEptB6v15007Ev DATA
 0002:0000f670 00000008H .xdata$_ZNSt3__112__hash_tableINS_17__hash_value_typeIPN6System7Typinfo9TTypeInfoEPSt9type_infoEENS_22__unordered_map_hasherIS5_S8_NS_4hashIS5_EENS_8equal_toIS5_EELb1EEENS_21__unordered_map_equalIS5_S8_SD_SB_Lb1EEENS_9allocatorIS8_EEE13hash_functionB6v15007Ev DATA
 0002:0000f678 00000008H .xdata$_ZNKSt3__122__unordered_map_hasherIPN6System7Typinfo9TTypeInfoENS_17__hash_value_typeIS4_PSt9type_infoEENS_4hashIS4_EENS_8equal_toIS4_EELb1EEclB6v15007ERKS4_ DATA
 0002:0000f680 00000008H .xdata$_ZNKSt3__112__hash_tableINS_17__hash_value_typeIPN6System7Typinfo9TTypeInfoEPSt9type_infoEENS_22__unordered_map_hasherIS5_S8_NS_4hashIS5_EENS_8equal_toIS5_EELb1EEENS_21__unordered_map_equalIS5_S8_SD_SB_Lb1EEENS_9allocatorIS8_EEE12bucket_countB6v15007Ev DATA
 0002:0000f688 00000008H .xdata$_ZNSt3__116__constrain_hashB6v15007Eyy DATA
 0002:0000f690 00000008H .xdata$_ZNKSt3__110unique_ptrIA_PNS_16__hash_node_baseIPNS_11__hash_nodeINS_17__hash_value_typeIPN6System7Typinfo9TTypeInfoEPSt9type_infoEEPvEEEENS_25__bucket_list_deallocatorINS_9allocatorISF_EEEEEixB6v15007Ey DATA
 0002:0000f698 00000008H .xdata$_ZNKSt3__116__hash_node_baseIPNS_11__hash_nodeINS_17__hash_value_typeIPN6System7Typinfo9TTypeInfoEPSt9type_infoEEPvEEE6__hashB6v15007Ev DATA
 0002:0000f6a0 00000008H .xdata$_ZNSt3__112__hash_tableINS_17__hash_value_typeIPN6System7Typinfo9TTypeInfoEPSt9type_infoEENS_22__unordered_map_hasherIS5_S8_NS_4hashIS5_EENS_8equal_toIS5_EELb1EEENS_21__unordered_map_equalIS5_S8_SD_SB_Lb1EEENS_9allocatorIS8_EEE6key_eqB6v15007Ev DATA
 0002:0000f6a8 00000008H .xdata$_ZNKSt3__121__unordered_map_equalIPN6System7Typinfo9TTypeInfoENS_17__hash_value_typeIS4_PSt9type_infoEENS_8equal_toIS4_EENS_4hashIS4_EELb1EEclB6v15007ERKS8_RKS4_ DATA
 0002:0000f6b0 00000024H .xdata$_ZNSt3__112__hash_tableINS_17__hash_value_typeIPN6System7Typinfo9TTypeInfoEPSt9type_infoEENS_22__unordered_map_hasherIS5_S8_NS_4hashIS5_EENS_8equal_toIS5_EELb1EEENS_21__unordered_map_equalIS5_S8_SD_SB_Lb1EEENS_9allocatorIS8_EEE21__construct_node_hashIRKNS_21piecewise_construct_tEJNS_5tupleIJRKS5_EEENSO_IJEEEEEENS_10unique_ptrINS_11__hash_nodeIS8_PvEENS_22__hash_node_destructorINSH_ISW_EEEEEEyOT_DpOT0_ DATA
 0002:0000f6d4 00000008H .xdata$_ZNSt3__112__hash_tableINS_17__hash_value_typeIPN6System7Typinfo9TTypeInfoEPSt9type_infoEENS_22__unordered_map_hasherIS5_S8_NS_4hashIS5_EENS_8equal_toIS5_EELb1EEENS_21__unordered_map_equalIS5_S8_SD_SB_Lb1EEENS_9allocatorIS8_EEE4sizeB6v15007Ev DATA
 0002:0000f6dc 00000008H .xdata$_ZNSt3__112__hash_tableINS_17__hash_value_typeIPN6System7Typinfo9TTypeInfoEPSt9type_infoEENS_22__unordered_map_hasherIS5_S8_NS_4hashIS5_EENS_8equal_toIS5_EELb1EEENS_21__unordered_map_equalIS5_S8_SD_SB_Lb1EEENS_9allocatorIS8_EEE15max_load_factorB6v15007Ev DATA
 0002:0000f6e4 00000008H .xdata$_ZNSt3__112__hash_tableINS_17__hash_value_typeIPN6System7Typinfo9TTypeInfoEPSt9type_infoEENS_22__unordered_map_hasherIS5_S8_NS_4hashIS5_EENS_8equal_toIS5_EELb1EEENS_21__unordered_map_equalIS5_S8_SD_SB_Lb1EEENS_9allocatorIS8_EEE15__rehash_uniqueB6v15007Ey DATA
 0002:0000f6ec 00000008H .xdata$_ZNSt3__13maxB6v15007IyEERKT_S3_S3_ DATA
 0002:0000f6f4 00000008H .xdata$_ZNSt3__116__is_hash_power2B6v15007Ey DATA
 0002:0000f6fc 00000008H .xdata$_Z4ceilB6v15007f DATA
 0002:0000f704 00000008H .xdata$_ZNSt3__116__hash_node_baseIPNS_11__hash_nodeINS_17__hash_value_typeIPN6System7Typinfo9TTypeInfoEPSt9type_infoEEPvEEE5__ptrB6v15007Ev DATA
 0002:0000f70c 00000008H .xdata$_ZNKSt3__110unique_ptrINS_11__hash_nodeINS_17__hash_value_typeIPN6System7Typinfo9TTypeInfoEPSt9type_infoEEPvEENS_22__hash_node_destructorINS_9allocatorISB_EEEEEptB6v15007Ev DATA
 0002:0000f714 00000008H .xdata$_ZNKSt3__110unique_ptrINS_11__hash_nodeINS_17__hash_value_typeIPN6System7Typinfo9TTypeInfoEPSt9type_infoEEPvEENS_22__hash_node_destructorINS_9allocatorISB_EEEEE3getB6v15007Ev DATA
 0002:0000f71c 00000008H .xdata$_ZNSt3__110unique_ptrINS_11__hash_nodeINS_17__hash_value_typeIPN6System7Typinfo9TTypeInfoEPSt9type_infoEEPvEENS_22__hash_node_destructorINS_9allocatorISB_EEEEE7releaseB6v15007Ev DATA
 0002:0000f724 00000008H .xdata$_ZNSt3__110unique_ptrINS_11__hash_nodeINS_17__hash_value_typeIPN6System7Typinfo9TTypeInfoEPSt9type_infoEEPvEENS_22__hash_node_destructorINS_9allocatorISB_EEEEED2B6v15007Ev DATA
 0002:0000f72c 00000008H .xdata$_ZNSt3__115__hash_iteratorIPNS_11__hash_nodeINS_17__hash_value_typeIPN6System7Typinfo9TTypeInfoEPSt9type_infoEEPvEEEC2B6v15007EPNS_16__hash_node_baseISC_EEPKv DATA
 0002:0000f734 00000008H .xdata$_ZNSt3__14pairINS_15__hash_iteratorIPNS_11__hash_nodeINS_17__hash_value_typeIPN6System7Typinfo9TTypeInfoEPSt9type_infoEEPvEEEEbEC2B6v15007ISE_RbLSB_0EEEOT_OT0_ DATA
 0002:0000f73c 00000008H .xdata$_ZNSt3__117__compressed_pairIyNS_22__unordered_map_hasherIPN6System7Typinfo9TTypeInfoENS_17__hash_value_typeIS5_PSt9type_infoEENS_4hashIS5_EENS_8equal_toIS5_EELb1EEEE6secondB6v15007Ev DATA
 0002:0000f744 00000008H .xdata$_ZNSt3__122__compressed_pair_elemINS_22__unordered_map_hasherIPN6System7Typinfo9TTypeInfoENS_17__hash_value_typeIS5_PSt9type_infoEENS_4hashIS5_EENS_8equal_toIS5_EELb1EEELi1ELb1EE5__getB6v15007Ev DATA
 0002:0000f74c 00000020H .xdata$_ZNKSt3__14hashIPN6System7Typinfo9TTypeInfoEEclB6v15007ES4_ DATA
 0002:0000f76c 00000008H .xdata$_ZNSt3__121__murmur2_or_cityhashIyLy64EEclEPKvy DATA
 0002:0000f774 00000008H .xdata$_ZNSt3__121__murmur2_or_cityhashIyLy64EE18__hash_len_0_to_16EPKcy DATA
 0002:0000f77c 00000008H .xdata$_ZNSt3__121__murmur2_or_cityhashIyLy64EE19__hash_len_17_to_32EPKcy DATA
 0002:0000f784 00000008H .xdata$_ZNSt3__121__murmur2_or_cityhashIyLy64EE19__hash_len_33_to_64EPKcy DATA
 0002:0000f78c 00000008H .xdata$_ZNSt3__110__loadwordB6v15007IyEET_PKv DATA
 0002:0000f794 00000008H .xdata$_ZNSt3__121__murmur2_or_cityhashIyLy64EE13__hash_len_16Eyy DATA
 0002:0000f79c 00000008H .xdata$_ZNSt3__121__murmur2_or_cityhashIyLy64EE29__weak_hash_len_32_with_seedsEPKcyy DATA
 0002:0000f7a4 00000008H .xdata$_ZNSt3__121__murmur2_or_cityhashIyLy64EE8__rotateEyi DATA
 0002:0000f7ac 00000008H .xdata$_ZNSt3__14pairIyyEaSB6v15007EOS1_ DATA
 0002:0000f7b4 00000008H .xdata$_ZNSt3__14swapB6v15007IyEENS_9enable_ifIXaasr21is_move_constructibleIT_EE5valuesr18is_move_assignableIS2_EE5valueEvE4typeERS2_S5_ DATA
 0002:0000f7bc 00000008H .xdata$_ZNSt3__121__murmur2_or_cityhashIyLy64EE11__shift_mixEy DATA
 0002:0000f7c4 00000008H .xdata$_ZNSt3__121__murmur2_or_cityhashIyLy64EE22__rotate_by_at_least_1Eyi DATA
 0002:0000f7cc 00000008H .xdata$_ZNSt3__110__loadwordB6v15007IjEET_PKv DATA
 0002:0000f7d4 00000008H .xdata$_ZNSt3__121__murmur2_or_cityhashIyLy64EE29__weak_hash_len_32_with_seedsEyyyyyy DATA
 0002:0000f7dc 00000008H .xdata$_ZNSt3__14pairIyyEC2B6v15007IyyLPv0EEEOT_OT0_ DATA
 0002:0000f7e4 00000008H .xdata$_ZNKSt3__110unique_ptrIA_PNS_16__hash_node_baseIPNS_11__hash_nodeINS_17__hash_value_typeIPN6System7Typinfo9TTypeInfoEPSt9type_infoEEPvEEEENS_25__bucket_list_deallocatorINS_9allocatorISF_EEEEE11get_deleterB6v15007Ev DATA
 0002:0000f7ec 00000008H .xdata$_ZNKSt3__125__bucket_list_deallocatorINS_9allocatorIPNS_16__hash_node_baseIPNS_11__hash_nodeINS_17__hash_value_typeIPN6System7Typinfo9TTypeInfoEPSt9type_infoEEPvEEEEEEE4sizeB6v15007Ev DATA
 0002:0000f7f4 00000008H .xdata$_ZNKSt3__117__compressed_pairIPPNS_16__hash_node_baseIPNS_11__hash_nodeINS_17__hash_value_typeIPN6System7Typinfo9TTypeInfoEPSt9type_infoEEPvEEEENS_25__bucket_list_deallocatorINS_9allocatorISF_EEEEE6secondB6v15007Ev DATA
 0002:0000f7fc 00000008H .xdata$_ZNKSt3__122__compressed_pair_elemINS_25__bucket_list_deallocatorINS_9allocatorIPNS_16__hash_node_baseIPNS_11__hash_nodeINS_17__hash_value_typeIPN6System7Typinfo9TTypeInfoEPSt9type_infoEEPvEEEEEEEELi1ELb0EE5__getB6v15007Ev DATA
 0002:0000f804 00000008H .xdata$_ZNKSt3__117__compressed_pairIyNS_9allocatorIPNS_16__hash_node_baseIPNS_11__hash_nodeINS_17__hash_value_typeIPN6System7Typinfo9TTypeInfoEPSt9type_infoEEPvEEEEEEE5firstB6v15007Ev DATA
 0002:0000f80c 00000008H .xdata$_ZNKSt3__122__compressed_pair_elemIyLi0ELb0EE5__getB6v15007Ev DATA
 0002:0000f814 00000008H .xdata$_ZNKSt3__117__compressed_pairIPPNS_16__hash_node_baseIPNS_11__hash_nodeINS_17__hash_value_typeIPN6System7Typinfo9TTypeInfoEPSt9type_infoEEPvEEEENS_25__bucket_list_deallocatorINS_9allocatorISF_EEEEE5firstB6v15007Ev DATA
 0002:0000f81c 00000008H .xdata$_ZNKSt3__122__compressed_pair_elemIPPNS_16__hash_node_baseIPNS_11__hash_nodeINS_17__hash_value_typeIPN6System7Typinfo9TTypeInfoEPSt9type_infoEEPvEEEELi0ELb0EE5__getB6v15007Ev DATA
 0002:0000f824 00000008H .xdata$_ZNSt3__117__compressed_pairIfNS_21__unordered_map_equalIPN6System7Typinfo9TTypeInfoENS_17__hash_value_typeIS5_PSt9type_infoEENS_8equal_toIS5_EENS_4hashIS5_EELb1EEEE6secondB6v15007Ev DATA
 0002:0000f82c 00000008H .xdata$_ZNSt3__122__compressed_pair_elemINS_21__unordered_map_equalIPN6System7Typinfo9TTypeInfoENS_17__hash_value_typeIS5_PSt9type_infoEENS_8equal_toIS5_EENS_4hashIS5_EELb1EEELi1ELb1EE5__getB6v15007Ev DATA
 0002:0000f834 00000008H .xdata$_ZNKSt3__18equal_toIPN6System7Typinfo9TTypeInfoEEclB6v15007ERKS4_S7_ DATA
 0002:0000f83c 00000008H .xdata$_ZNKSt3__117__hash_value_typeIPN6System7Typinfo9TTypeInfoEPSt9type_infoE11__get_valueB6v15007Ev DATA
 0002:0000f844 00000008H .xdata$_ZNSt3__17launderB6v15007IKNS_4pairIKPN6System7Typinfo9TTypeInfoEPSt9type_infoEEEEPT_SC_ DATA
 0002:0000f84c 00000008H .xdata$_ZNSt3__19__launderB6v15007IKNS_4pairIKPN6System7Typinfo9TTypeInfoEPSt9type_infoEEEEPT_SC_ DATA
 0002:0000f854 00000008H .xdata$_ZNSt3__116allocator_traitsINS_9allocatorINS_11__hash_nodeINS_17__hash_value_typeIPN6System7Typinfo9TTypeInfoEPSt9type_infoEEPvEEEEE8allocateB6v15007ERSD_y DATA
 0002:0000f85c 00000008H .xdata$_ZNSt3__122__hash_node_destructorINS_9allocatorINS_11__hash_nodeINS_17__hash_value_typeIPN6System7Typinfo9TTypeInfoEPSt9type_infoEEPvEEEEEC2B6v15007ERSD_b DATA
 0002:0000f864 00000020H .xdata$_ZNSt3__110unique_ptrINS_11__hash_nodeINS_17__hash_value_typeIPN6System7Typinfo9TTypeInfoEPSt9type_infoEEPvEENS_22__hash_node_destructorINS_9allocatorISB_EEEEEC2B6v15007ILb1EvEEPSB_NS_16__dependent_typeINS_27__unique_ptr_deleter_sfinaeISF_EEXT_EE20__good_rval_ref_typeE DATA
 0002:0000f884 00000008H .xdata$_ZNSt3__116allocator_traitsINS_9allocatorINS_11__hash_nodeINS_17__hash_value_typeIPN6System7Typinfo9TTypeInfoEPSt9type_infoEEPvEEEEE9constructB6v15007INS_4pairIKS7_S9_EEJRKNS_21piecewise_construct_tENS_5tupleIJRSH_EEENSM_IJEEEEvEEvRSD_PT_DpOT0_ DATA
 0002:0000f88c 00000008H .xdata$_ZNSt3__110unique_ptrINS_11__hash_nodeINS_17__hash_value_typeIPN6System7Typinfo9TTypeInfoEPSt9type_infoEEPvEENS_22__hash_node_destructorINS_9allocatorISB_EEEEE11get_deleterB6v15007Ev DATA
 0002:0000f894 00000008H .xdata$_ZNSt3__19allocatorINS_11__hash_nodeINS_17__hash_value_typeIPN6System7Typinfo9TTypeInfoEPSt9type_infoEEPvEEE8allocateB6v15007Ey DATA
 0002:0000f89c 00000008H .xdata$_ZNSt3__116allocator_traitsINS_9allocatorINS_11__hash_nodeINS_17__hash_value_typeIPN6System7Typinfo9TTypeInfoEPSt9type_infoEEPvEEEEE8max_sizeB6v15007ISD_vEEyRKSD_ DATA
 0002:0000f8a4 00000008H .xdata$_ZSt28__throw_bad_array_new_lengthB6v15007v DATA
 0002:0000f8ac 00000008H .xdata$_ZNSt3__117__libcpp_allocateB6v15007Eyy DATA
 0002:0000f8b4 00000008H .xdata$_ZNKSt3__19allocatorINS_11__hash_nodeINS_17__hash_value_typeIPN6System7Typinfo9TTypeInfoEPSt9type_infoEEPvEEE8max_sizeB6v15007Ev DATA
 0002:0000f8bc 00000008H .xdata$_ZNSt3__121__libcpp_operator_newB6v15007IJySt11align_val_tEEEPvDpT_ DATA
 0002:0000f8c4 00000008H .xdata$_ZNSt3__121__libcpp_operator_newB6v15007IJyEEEPvDpT_ DATA
 0002:0000f8cc 00000008H .xdata$_ZNSt3__117__compressed_pairIPNS_11__hash_nodeINS_17__hash_value_typeIPN6System7Typinfo9TTypeInfoEPSt9type_infoEEPvEENS_22__hash_node_destructorINS_9allocatorISB_EEEEEC2B6v15007IRSC_SG_EEOT_OT0_ DATA
 0002:0000f8d4 00000008H .xdata$_ZNSt3__122__compressed_pair_elemIPNS_11__hash_nodeINS_17__hash_value_typeIPN6System7Typinfo9TTypeInfoEPSt9type_infoEEPvEELi0ELb0EEC2B6v15007IRSC_vEEOT_ DATA
 0002:0000f8dc 00000008H .xdata$_ZNSt3__122__compressed_pair_elemINS_22__hash_node_destructorINS_9allocatorINS_11__hash_nodeINS_17__hash_value_typeIPN6System7Typinfo9TTypeInfoEPSt9type_infoEEPvEEEEEELi1ELb0EEC2B6v15007ISF_vEEOT_ DATA
 0002:0000f8e4 00000008H .xdata$_ZNSt3__19allocatorINS_11__hash_nodeINS_17__hash_value_typeIPN6System7Typinfo9TTypeInfoEPSt9type_infoEEPvEEE9constructB6v15007INS_4pairIKS6_S8_EEJRKNS_21piecewise_construct_tENS_5tupleIJRSF_EEENSK_IJEEEEEEvPT_DpOT0_ DATA
 0002:0000f8ec 00000020H .xdata$_ZNSt3__14pairIKPN6System7Typinfo9TTypeInfoEPSt9type_infoEC2B6v15007IJRS5_EJEEENS_21piecewise_construct_tENS_5tupleIJDpT_EEENSC_IJDpT0_EEE DATA
 0002:0000f90c 00000008H .xdata$_ZNSt3__14pairIKPN6System7Typinfo9TTypeInfoEPSt9type_infoEC2B6v15007IJRS5_EJEJLy0EEJEEENS_21piecewise_construct_tERNS_5tupleIJDpT_EEERNSC_IJDpT0_EEENS_15__tuple_indicesIJXspT1_EEEENSL_IJXspT2_EEEE DATA
 0002:0000f914 00000008H .xdata$_ZNSt3__13getB6v15007ILy0EJRKPN6System7Typinfo9TTypeInfoEEEERNS_13tuple_elementIXT_ENS_5tupleIJDpT0_EEEE4typeERSB_ DATA
 0002:0000f91c 00000008H .xdata$_ZNSt3__112__tuple_leafILy0ERKPN6System7Typinfo9TTypeInfoELb0EE3getB6v15007Ev DATA
 0002:0000f924 00000008H .xdata$_ZNSt3__117__compressed_pairIPNS_11__hash_nodeINS_17__hash_value_typeIPN6System7Typinfo9TTypeInfoEPSt9type_infoEEPvEENS_22__hash_node_destructorINS_9allocatorISB_EEEEE6secondB6v15007Ev DATA
 0002:0000f92c 00000008H .xdata$_ZNSt3__122__compressed_pair_elemINS_22__hash_node_destructorINS_9allocatorINS_11__hash_nodeINS_17__hash_value_typeIPN6System7Typinfo9TTypeInfoEPSt9type_infoEEPvEEEEEELi1ELb0EE5__getB6v15007Ev DATA
 0002:0000f934 00000008H .xdata$_ZNSt3__117__compressed_pairIyNS_22__unordered_map_hasherIPN6System7Typinfo9TTypeInfoENS_17__hash_value_typeIS5_PSt9type_infoEENS_4hashIS5_EENS_8equal_toIS5_EELb1EEEE5firstB6v15007Ev DATA
 0002:0000f93c 00000008H .xdata$_ZNSt3__117__compressed_pairIfNS_21__unordered_map_equalIPN6System7Typinfo9TTypeInfoENS_17__hash_value_typeIS5_PSt9type_infoEENS_8equal_toIS5_EENS_4hashIS5_EELb1EEEE5firstB6v15007Ev DATA
 0002:0000f944 00000008H .xdata$_ZNSt3__122__compressed_pair_elemIfLi0ELb0EE5__getB6v15007Ev DATA
 0002:0000f94c 00000008H .xdata$_ZNSt3__112__hash_tableINS_17__hash_value_typeIPN6System7Typinfo9TTypeInfoEPSt9type_infoEENS_22__unordered_map_hasherIS5_S8_NS_4hashIS5_EENS_8equal_toIS5_EELb1EEENS_21__unordered_map_equalIS5_S8_SD_SB_Lb1EEENS_9allocatorIS8_EEE8__rehashILb1EEEvy DATA
 0002:0000f954 00000008H .xdata$_ZNSt3__112__hash_tableINS_17__hash_value_typeIPN6System7Typinfo9TTypeInfoEPSt9type_infoEENS_22__unordered_map_hasherIS5_S8_NS_4hashIS5_EENS_8equal_toIS5_EELb1EEENS_21__unordered_map_equalIS5_S8_SD_SB_Lb1EEENS_9allocatorIS8_EEE11__do_rehashILb1EEEvy DATA
 0002:0000f95c 00000008H .xdata$_ZNSt3__116__next_hash_pow2B6v15007Ey DATA
 0002:0000f964 00000008H .xdata$_ZNSt3__125__debug_db_invalidate_allB6v15007INS_12__hash_tableINS_17__hash_value_typeIPN6System7Typinfo9TTypeInfoEPSt9type_infoEENS_22__unordered_map_hasherIS6_S9_NS_4hashIS6_EENS_8equal_toIS6_EELb1EEENS_21__unordered_map_equalIS6_S9_SE_SC_Lb1EEENS_9allocatorIS9_EEEEEEvPT_ DATA
 0002:0000f96c 00000008H .xdata$_ZNSt3__110unique_ptrIA_PNS_16__hash_node_baseIPNS_11__hash_nodeINS_17__hash_value_typeIPN6System7Typinfo9TTypeInfoEPSt9type_infoEEPvEEEENS_25__bucket_list_deallocatorINS_9allocatorISF_EEEEE11get_deleterB6v15007Ev DATA
 0002:0000f974 00000008H .xdata$_ZNSt3__110unique_ptrIA_PNS_16__hash_node_baseIPNS_11__hash_nodeINS_17__hash_value_typeIPN6System7Typinfo9TTypeInfoEPSt9type_infoEEPvEEEENS_25__bucket_list_deallocatorINS_9allocatorISF_EEEEE5resetB6v15007IPSF_EENS_9enable_ifIXsr28_CheckArrayPointerConversionIT_EE5valueEvE4typeESP_ DATA
 0002:0000f97c 00000008H .xdata$_ZNSt3__116allocator_traitsINS_9allocatorIPNS_16__hash_node_baseIPNS_11__hash_nodeINS_17__hash_value_typeIPN6System7Typinfo9TTypeInfoEPSt9type_infoEEPvEEEEEEE8allocateB6v15007ERSH_y DATA
[...]
 0002:000101f0       $unwind$_ZN6System8Internal7Initcpp15InitializeUnitsEPPNS1_20TUnitDescriptorBlockES4_ 00000001400261f0     rtl:System.Internal.InitCPP.o
 0002:000101fc       $unwind$_ZN6System8Internal7Initcpp13FinalizeUnitsEPPNS1_20TUnitDescriptorBlockES4_ 00000001400261fc     rtl:System.Internal.InitCPP.o
 0002:00010204       $unwind$_ZN6System8Internal7Initcpp15InitializeUnitsEPNS1_15TUnitDescriptorES3_ 0000000140026204     rtl:System.Internal.InitCPP.o
 0002:0001020c       $unwind$_ZN6System8Internal7Initcpp13FinalizeUnitsEPNS1_15TUnitDescriptorES3_ 000000014002620c     rtl:System.Internal.InitCPP.o
 0002:00010214       $unwind$_ZN6System8Internal7Initcpp15CalculateDegreeEPNS1_20TUnitDescriptorBlockES3_ 0000000140026214     rtl:System.Internal.InitCPP.o
 0002:00010218       $unwind$_ZN6System8Internal7Initcpp15CalculateDegreeEPPNS1_20TUnitDescriptorBlockES4_ 0000000140026218     rtl:System.Internal.InitCPP.o
 0002:0001021c       $unwind$_ZN6System8Internal7Initcpp16FinalizeUnitListEPPPNS1_15TUnitDescriptorES5_ 000000014002621c     rtl:System.Internal.InitCPP.o
 0002:00010258       $unwind$_ZN6System8Internal7Initcpp18InitializeRootUnitEPNS1_15TUnitDescriptorE 0000000140026258     rtl:System.Internal.InitCPP.o
 0002:0001030c       $unwind$_ZN6System8Internal7Initcpp16FinalizeRootUnitEPNS1_15TUnitDescriptorE 000000014002630c     rtl:System.Internal.InitCPP.o
 0002:00010348       $unwind$_ZN6System8Internal7Initcpp12FinalizationEv 0000000140026348     rtl:System.Internal.InitCPP.o
 0002:0001034c       $unwind$_ZN6System8Internal7Initcpp14initializationEv 000000014002634c     rtl:System.Internal.InitCPP.o
 0004:00000000       version_string             0000000140028000     crtbegin.o
 0004:000000e8       _ZN7Sysinit6ModuleE        00000001400280e8     sysinit.o
 0004:00000120       _ZN7Sysinit7TlsProcE       0000000140028120     sysinit.o
 0004:00000140       _ZN7Sysinit21_dtors_delayhlp_65535E 0000000140028140     sysinit.o
 0004:00000160       initial_tznames            0000000140028160     libucrt:lib64_libucrt_extra_a-ucrtbase_compat.o
 0004:00000178       initial_timezone           0000000140028178     libucrt:lib64_libucrt_extra_a-ucrtbase_compat.o
 0004:00000188       initial_daylight           0000000140028188     libucrt:lib64_libucrt_extra_a-ucrtbase_compat.o
 0004:000001c8       initial_tzname0            00000001400281c8     libucrt:lib64_libucrt_extra_a-ucrtbase_compat.o
 0004:000001cc       initial_tzname1            00000001400281cc     libucrt:lib64_libucrt_extra_a-ucrtbase_compat.o
 0004:000001e0       __do_global_dtors.p        00000001400281e0     libmingw32:lib64_libmingw32_a-gccmain.o
 0004:00000218       _ZZN6System19CheckSafecallResultElE13__init_comobj 0000000140028218     rtle:syssupp.o
 0004:0000023c       managedapp                 000000014002823c     crt2u.o
 0004:00000240       startinfo                  0000000140028240     crt2u.o
 0004:00000244       argc                       0000000140028244     crt2u.o
 0004:00000248       argv                       0000000140028248     crt2u.o
 0004:00000250       envp                       0000000140028250     crt2u.o
 0004:00000258       argret                     0000000140028258     crt2u.o
 0004:0000025c       has_cctor                  000000014002825c     crt2u.o
 0004:00000260       mainret                    0000000140028260     crt2u.o
 0004:000002b0       _ZN7Sysinit2_1E            00000001400282b0     sysinit.o
 0004:000002b8       _ZN7Sysinit9tlsBufferE     00000001400282b8     sysinit.o
 0004:000002c0       _ZN7Sysinit9UseTlsAPIE     00000001400282c0     sysinit.o
 0004:000002c8       .bss.delayhlp              00000001400282c8     sysinit.o
 0004:000002c8       ..__puiHead                00000001400282c8     sysinit.o
 0004:000002ec       _ZZN6TForm314addButtonClickEPN6System7TObjectEE10clickCount 00000001400282ec     Unit3.o
 0004:000002f0       local__initenv             00000001400282f0     libucrt:lib64_libucrt_extra_a-__initenv.o
 0004:000002f8       local__winitenv            00000001400282f8     libucrt:lib64_libucrt_extra_a-__initenv.o
 0004:00000300       initialized                0000000140028300     libmingw32:lib64_libmingw32_a-gccmain.o
 0004:00000338       _pei386_runtime_relocator.was_init 0000000140028338     libmingw32:lib64_libmingw32_a-pseudo-reloc.o
 0004:00000340       the_secs                   0000000140028340     libmingw32:lib64_libmingw32_a-pseudo-reloc.o
 0004:00000348       maxSections                0000000140028348     libmingw32:lib64_libmingw32_a-pseudo-reloc.o
 0004:00000350       stUserMathErr              0000000140028350     libmingw32:lib64_libmingw32_a-usermatherr.o
 0004:00000370       __mingwthr_cs_init         0000000140028370     libmingw32:lib64_libmingw32_a-tlsthrd.o
 0004:00000378       __mingwthr_cs              0000000140028378     libmingw32:lib64_libmingw32_a-tlsthrd.o
 0004:000003a0       key_dtor_list              00000001400283a0     libmingw32:lib64_libmingw32_a-tlsthrd.o
 0004:000003b0       _ZZ18__delphi_type_infoE15type_info_mutex 00000001400283b0     rtle:syssupp.o
 0004:000003b8       _ZZ18__delphi_type_infoE13type_info_map 00000001400283b8     rtle:syssupp.o
 0004:000003e0       _ZGVZ18__delphi_type_infoE13type_info_map 00000001400283e0     rtle:syssupp.o
 0004:000003f0       _ZN6System8Internal7Strhlpr2_1E 00000001400283f0     rtl:System.Internal.StrHlpr.o
 0004:000003f4       _ZN6System8Internal7Initcpp2_1E 00000001400283f4     rtl:System.Internal.InitCPP.o
 0005:0000006c       $pdata$_ZN7Sysinit19InterlockedExchangeERii 000000014002906c     sysinit.o
 0005:00000078       $pdata$_ZN7Sysinit26InterlockedExchangePointerERPvS0_ 0000000140029078     sysinit.o
 0005:00000084       $pdata$_ZN7Sysinit17SetDliNotifyHook2EPFPv15dliNotificationP13DelayLoadInfoE 0000000140029084     sysinit.o
 0005:00000090       $pdata$_ZN7Sysinit14DliNotifyHook2Ev 0000000140029090     sysinit.o
 0005:0000009c       $pdata$_ZN7Sysinit18SetDliFailureHook2EPFPv15dliNotificationP13DelayLoadInfoE 000000014002909c     sysinit.o
 0005:000000a8       $pdata$_ZN7Sysinit15DliFailureHook2Ev 00000001400290a8     sysinit.o
 0005:000000b4       $pdata$_ZN7Sysinit17_DelayLoadHelper2ERPvS0_ 00000001400290b4     sysinit.o
 0005:000000c0       $pdata$_ZN7Sysinit21UnloadDelayLoadedDLL2EPc 00000001400290c0     sysinit.o
 0005:000000cc       $pdata$_ZN7Sysinit20LoadAllImportsForDllEPc 00000001400290cc     sysinit.o
 0005:000000d8       $pdata$_ZN7Sysinit14AllocTlsBufferEi 00000001400290d8     sysinit.o
 0005:000000e4       $pdata$_ZN7Sysinit10GetTlsSizeEv 00000001400290e4     sysinit.o
 0005:000000f0       $pdata$_ZN7Sysinit13InitThreadTLSEv 00000001400290f0     sysinit.o
 0005:000000fc       $pdata$_ZN7Sysinit14InitProcessTLSEv 00000001400290fc     sysinit.o
 0005:00000108       $pdata$_ZN7Sysinit13ExitThreadTLSEv 0000000140029108     sysinit.o
 0005:00000114       $pdata$_ZN7Sysinit14ExitProcessTLSEv 0000000140029114     sysinit.o
 0005:00000120       $pdata$_ZN7Sysinit6isWineEv 0000000140029120     sysinit.o
 0005:0000012c       $pdata$_ZN7Sysinit7_GetTlsEv 000000014002912c     sysinit.o
 0005:00000138       $pdata$_ZN7Sysinit16InitializeModuleEv 0000000140029138     sysinit.o
 0005:00000144       $pdata$_ZN7Sysinit18UninitializeModuleEv 0000000140029144     sysinit.o
 0005:00000150       $pdata$_ZN7Sysinit7VclInitEbbyb 0000000140029150     sysinit.o
 0005:0000015c       $pdata$_ZN7Sysinit7VclExitEv 000000014002915c     sysinit.o
 0005:00000168       $pdata$_ZN7Sysinit14__dbkDummyProcEv 0000000140029168     sysinit.o
 0005:00000174       $pdata$_ZN7Sysinit14__dbkFCallArgsEPvS0_S0_S0_S0_S0_S0_S0_S0_S0_S0_S0_S0_S0_S0_S0_S0_S0_S0_S0_S0_S0_S0_S0_S0_S0_S0_S0_S0_S0_ 0000000140029174     sysinit.o
 0005:00000180       $pdata$_ZN7Sysinit19__dbk_fcall_wrapperEv 0000000140029180     sysinit.o
 0005:00000198       $pdata$_ZN7Sysinit8_InitPkgEyiPv 0000000140029198     sysinit.o
 0005:000001a4       $pdata$_ZN7Sysinit12_PackageLoadEPN6System16PackageInfoTableE 00000001400291a4     sysinit.o
 0005:000001b0       $pdata$_ZN7Sysinit14_PackageUnloadEPN6System16PackageInfoTableE 00000001400291b0     sysinit.o
 0005:000001bc       $pdata$_ZN7Sysinit8_InitLibEPN6System12TInitContextEPNS0_16PackageInfoTableEyjPv 00000001400291bc     sysinit.o
 0005:000001c8       $pdata$_ZN7Sysinit8_InitExeEPv 00000001400291c8     sysinit.o
 0005:000001d4       $pdata$delayhlp            00000001400291d4     sysinit.o
 0005:00000204       $pdata$_ZN7Sysinit12FinalizationEv 0000000140029204     sysinit.o
 0005:00000210       $pdata$_ZN7Sysinit14initializationEv 0000000140029210     sysinit.o
 0005:0000159c       $pdata$_ZN6System8Internal7Strhlpr15UnicodeFromAnsiERNS_13UnicodeStringERNS_11AnsiStringTILt65535EEE 000000014002a59c     rtl:System.Internal.StrHlpr.o
 0005:000015a8       $pdata$_ZN6System8Internal7Strhlpr16UnicodeFromPCharERNS_13UnicodeStringEPcb 000000014002a5a8     rtl:System.Internal.StrHlpr.o
 0005:000015c0       $pdata$_ZN6System8Internal7Strhlpr15UnicodeFromUTF8ERNS_13UnicodeStringEPKc 000000014002a5c0     rtl:System.Internal.StrHlpr.o
 0005:000015cc       $pdata$_ZN6System8Internal7Strhlpr20UnicodeFromPWideCharERNS_13UnicodeStringEPw 000000014002a5cc     rtl:System.Internal.StrHlpr.o
 0005:000015d8       $pdata$_ZN6System8Internal7Strhlpr13UnicodeAppendERNS_13UnicodeStringES3_ 000000014002a5d8     rtl:System.Internal.StrHlpr.o
 0005:000015e4       $pdata$_ZN6System8Internal7Strhlpr10UnicodeCatERNS_13UnicodeStringES3_ 000000014002a5e4     rtl:System.Internal.StrHlpr.o
 0005:000015f0       $pdata$_ZN6System8Internal7Strhlpr13UnicodeDeleteERNS_13UnicodeStringEii 000000014002a5f0     rtl:System.Internal.StrHlpr.o
 0005:000015fc       $pdata$_ZN6System8Internal7Strhlpr16UnicodeSetLengthERNS_13UnicodeStringEi 000000014002a5fc     rtl:System.Internal.StrHlpr.o
 0005:00001608       $pdata$_ZN6System8Internal7Strhlpr10UnicodePosERNS_13UnicodeStringES3_ 000000014002a608     rtl:System.Internal.StrHlpr.o
 0005:00001614       $pdata$_ZN6System8Internal7Strhlpr11UnicodeCopyERNS_13UnicodeStringEii 000000014002a614     rtl:System.Internal.StrHlpr.o
 0005:00001620       $pdata$_ZN6System8Internal7Strhlpr13UnicodeInsertERNS_13UnicodeStringES3_i 000000014002a620     rtl:System.Internal.StrHlpr.o
 0005:0000162c       $pdata$_ZN6System8Internal7Strhlpr13UnicodeAssignERNS_13UnicodeStringES3_ 000000014002a62c     rtl:System.Internal.StrHlpr.o
 0005:00001638       $pdata$_ZN6System8Internal7Strhlpr11UnicodeFreeERNS_13UnicodeStringE 000000014002a638     rtl:System.Internal.StrHlpr.o
 0005:00001644       $pdata$_ZN6System8Internal7Strhlpr12UnicodeEqualERNS_13UnicodeStringES3_ 000000014002a644     rtl:System.Internal.StrHlpr.o
 0005:00001650       $pdata$_ZN6System8Internal7Strhlpr11UnicodeLessERNS_13UnicodeStringES3_ 000000014002a650     rtl:System.Internal.StrHlpr.o
 0005:0000165c       $pdata$_ZN6System8Internal7Strhlpr14UnicodeGreaterERNS_13UnicodeStringES3_ 000000014002a65c     rtl:System.Internal.StrHlpr.o
 0005:00001668       $pdata$_ZN6System8Internal7Strhlpr10AnsiAppendERNS_11AnsiStringTILt65535EEES4_ 000000014002a668     rtl:System.Internal.StrHlpr.o
 0005:00001674       $pdata$_ZN6System8Internal7Strhlpr7AnsiCatERNS_11AnsiStringTILt65535EEES4_ 000000014002a674     rtl:System.Internal.StrHlpr.o
 0005:00001680       $pdata$_ZN6System8Internal7Strhlpr10AnsiDeleteERNS_11AnsiStringTILt65535EEEii 000000014002a680     rtl:System.Internal.StrHlpr.o
 0005:0000168c       $pdata$_ZN6System8Internal7Strhlpr13AnsiSetLengthERNS_11AnsiStringTILt65535EEEi 000000014002a68c     rtl:System.Internal.StrHlpr.o
 0005:00001698       $pdata$_ZN6System8Internal7Strhlpr7AnsiPosERNS_11AnsiStringTILt65535EEES4_ 000000014002a698     rtl:System.Internal.StrHlpr.o
 0005:000016a4       $pdata$_ZN6System8Internal7Strhlpr8AnsiCopyERNS_11AnsiStringTILt65535EEEii 000000014002a6a4     rtl:System.Internal.StrHlpr.o
 0005:000016b0       $pdata$_ZN6System8Internal7Strhlpr10AnsiInsertERNS_11AnsiStringTILt65535EEES4_i 000000014002a6b0     rtl:System.Internal.StrHlpr.o
 0005:000016bc       $pdata$_ZN6System8Internal7Strhlpr9AnsiEqualERNS_11AnsiStringTILt65535EEES4_ 000000014002a6bc     rtl:System.Internal.StrHlpr.o
 0005:000016c8       $pdata$_ZN6System8Internal7Strhlpr11AnsiGreaterERNS_11AnsiStringTILt65535EEES4_ 000000014002a6c8     rtl:System.Internal.StrHlpr.o
 0005:000016d4       $pdata$_ZN6System8Internal7Strhlpr8AnsiLessERNS_11AnsiStringTILt65535EEES4_ 000000014002a6d4     rtl:System.Internal.StrHlpr.o
 0005:000016e0       $pdata$_ZN6System8Internal7Strhlpr10AnsiAssignERNS_11AnsiStringTILt65535EEES4_ 000000014002a6e0     rtl:System.Internal.StrHlpr.o
 0005:000016ec       $pdata$_ZN6System8Internal7Strhlpr8AnsiFreeERNS_11AnsiStringTILt65535EEE 000000014002a6ec     rtl:System.Internal.StrHlpr.o
 0005:000016f8       $pdata$_ZN6System8Internal7Strhlpr10WideAssignERNS_10WideStringES3_ 000000014002a6f8     rtl:System.Internal.StrHlpr.o
 0005:00001704       $pdata$_ZN6System8Internal7Strhlpr8WideFreeERNS_10WideStringE 000000014002a704     rtl:System.Internal.StrHlpr.o
 0005:00001710       $pdata$_ZN6System8Internal7Strhlpr12WideFromAnsiERNS_10WideStringERNS_11AnsiStringTILt65535EEE 000000014002a710     rtl:System.Internal.StrHlpr.o
 0005:0000171c       $pdata$_ZN6System8Internal7Strhlpr15WideFromUnicodeERNS_10WideStringERNS_13UnicodeStringE 000000014002a71c     rtl:System.Internal.StrHlpr.o
 0005:00001728       $pdata$_ZN6System8Internal7Strhlpr13WideFromPCharERNS_10WideStringEPcb 000000014002a728     rtl:System.Internal.StrHlpr.o
 0005:00001740       $pdata$_ZN6System8Internal7Strhlpr9WideEqualERNS_10WideStringES3_ 000000014002a740     rtl:System.Internal.StrHlpr.o
 0005:0000174c       $pdata$_ZN6System8Internal7Strhlpr8WideLessERNS_10WideStringES3_ 000000014002a74c     rtl:System.Internal.StrHlpr.o
 0005:00001758       $pdata$_ZN6System8Internal7Strhlpr11WideGreaterERNS_10WideStringES3_ 000000014002a758     rtl:System.Internal.StrHlpr.o
 0005:00001764       $pdata$_ZN6System8Internal7Strhlpr7WideCatERNS_10WideStringES3_ 000000014002a764     rtl:System.Internal.StrHlpr.o
 0005:00001770       $pdata$_ZN6System8Internal7Strhlpr10WideLengthERNS_10WideStringE 000000014002a770     rtl:System.Internal.StrHlpr.o
 0005:0000177c       $pdata$_ZN6System8Internal7Strhlpr7WidePosERNS_10WideStringES3_ 000000014002a77c     rtl:System.Internal.StrHlpr.o
 0005:00001788       $pdata$_ZN6System8Internal7Strhlpr13WideSetLengthERNS_10WideStringEi 000000014002a788     rtl:System.Internal.StrHlpr.o
 0005:00001794       $pdata$_ZN6System8Internal7Strhlpr10WideDeleteERNS_10WideStringEii 000000014002a794     rtl:System.Internal.StrHlpr.o
 0005:000017a0       $pdata$_ZN6System8Internal7Strhlpr10WideInsertERNS_10WideStringES3_i 000000014002a7a0     rtl:System.Internal.StrHlpr.o
 0005:000017ac       $pdata$_ZN6System8Internal7Strhlpr8WideCopyERNS_10WideStringEii 000000014002a7ac     rtl:System.Internal.StrHlpr.o
 0005:000017b8       $pdata$_ZN6System8Internal7Strhlpr10WideAppendERNS_10WideStringES3_ 000000014002a7b8     rtl:System.Internal.StrHlpr.o
 0005:000017c4       $pdata$_ZN6System8Internal7Strhlpr12WideFromUTF8ERNS_10WideStringEPKc 000000014002a7c4     rtl:System.Internal.StrHlpr.o
 0005:000017dc       $pdata$_ZN6System8Internal7Strhlpr15UnicodeFromWideERNS_13UnicodeStringERNS_10WideStringE 000000014002a7dc     rtl:System.Internal.StrHlpr.o
 0005:000017e8       $pdata$_ZN6System8Internal7Strhlpr12FinalizationEv 000000014002a7e8     rtl:System.Internal.StrHlpr.o
 0005:000017f4       $pdata$_ZN6System8Internal7Strhlpr14initializationEv 000000014002a7f4     rtl:System.Internal.StrHlpr.o
 0005:00001c2c       $pdata$_ZN6System8Internal7Initcpp23SelectForInitializationEPNS1_20TUnitDescriptorBlockES3_ 000000014002ac2c     rtl:System.Internal.InitCPP.o
 0005:00001c38       $pdata$_ZN6System8Internal7Initcpp23SelectForInitializationEPPNS1_20TUnitDescriptorBlockES4_ 000000014002ac38     rtl:System.Internal.InitCPP.o
 0005:00001c44       $pdata$_ZN6System8Internal7Initcpp15InitializeUnitsEPNS1_20TUnitDescriptorBlockES3_ 000000014002ac44     rtl:System.Internal.InitCPP.o
 0005:00001c50       $pdata$_ZN6System8Internal7Initcpp13FinalizeUnitsEPNS1_20TUnitDescriptorBlockES3_ 000000014002ac50     rtl:System.Internal.InitCPP.o
 0005:00001c5c       $pdata$_ZN6System8Internal7Initcpp15InitializeUnitsEPPNS1_20TUnitDescriptorBlockES4_ 000000014002ac5c     rtl:System.Internal.InitCPP.o
 0005:00001c68       $pdata$_ZN6System8Internal7Initcpp13FinalizeUnitsEPPNS1_20TUnitDescriptorBlockES4_ 000000014002ac68     rtl:System.Internal.InitCPP.o
 0005:00001c74       $pdata$_ZN6System8Internal7Initcpp15InitializeUnitsEPNS1_15TUnitDescriptorES3_ 000000014002ac74     rtl:System.Internal.InitCPP.o
 0005:00001c80       $pdata$_ZN6System8Internal7Initcpp13FinalizeUnitsEPNS1_15TUnitDescriptorES3_ 000000014002ac80     rtl:System.Internal.InitCPP.o
 0005:00001c8c       $pdata$_ZN6System8Internal7Initcpp15CalculateDegreeEPNS1_20TUnitDescriptorBlockES3_ 000000014002ac8c     rtl:System.Internal.InitCPP.o
 0005:00001c98       $pdata$_ZN6System8Internal7Initcpp15CalculateDegreeEPPNS1_20TUnitDescriptorBlockES4_ 000000014002ac98     rtl:System.Internal.InitCPP.o
 0005:00001ca4       $pdata$_ZN6System8Internal7Initcpp16FinalizeUnitListEPPPNS1_15TUnitDescriptorES5_ 000000014002aca4     rtl:System.Internal.InitCPP.o
 0005:00001cbc       $pdata$_ZN6System8Internal7Initcpp18InitializeRootUnitEPNS1_15TUnitDescriptorE 000000014002acbc     rtl:System.Internal.InitCPP.o
 0005:00001cf8       $pdata$_ZN6System8Internal7Initcpp16FinalizeRootUnitEPNS1_15TUnitDescriptorE 000000014002acf8     rtl:System.Internal.InitCPP.o
 0005:00001d10       $pdata$_ZN6System8Internal7Initcpp12FinalizationEv 000000014002ad10     rtl:System.Internal.InitCPP.o
 0005:00001d1c       $pdata$_ZN6System8Internal7Initcpp14initializationEv 000000014002ad1c     rtl:System.Internal.InitCPP.o
 000a:00000010       _ZL15exception_count       000000014002f010     libmingw32:lib64_libmingw32_a-hook_delphieh.o
 000a:00000020       _ZL16exception_object      000000014002f020     libmingw32:lib64_libmingw32_a-hook_delphieh.o
 000b:000003f0       $R000000                   00000001400303f0     internal .obj file created from .res files
 000b:0000c8b0       $R000001                   000000014003c8b0     internal .obj file created from .res files
 000b:00018dd8       $R000002                   0000000140048dd8     internal .obj file created from .res files
 000b:00025528       $R000003                   0000000140055528     internal .obj file created from .res files
 000b:00025738       $R000004                   0000000140055738     internal .obj file created from .res files
 000b:00026d60       $R000005                   0000000140056d60     internal .obj file created from .res files
 000b:00027c08       $R000006                   0000000140057c08     internal .obj file created from .res files
 000b:000284b0       $R000007                   00000001400584b0     internal .obj file created from .res files
 000b:00028a18       $R000008                   0000000140058a18     internal .obj file created from .res files
 000b:0002eed8       $R000009                   000000014005eed8     internal .obj file created from .res files
 000b:0003f700       $R00000A                   000000014006f700     internal .obj file created from .res files
 000b:00043928       $R00000B                   0000000140073928     internal .obj file created from .res files
 000b:000442b0       $R00000C                   00000001400742b0     internal .obj file created from .res files
 000b:00044718       $R00000D                   0000000140074718     internal .obj file created from .res files
 000b:000447a0       $R00000E                   00000001400747a0     internal .obj file created from .res files
 000b:00044eb0       $R00000F                   0000000140074eb0     internal .obj file created from .res files
